Component: ARM Compiler 5.06 update 7 (build 960) Tool: armlink [4d3601]

==============================================================================

Section Cross References

    startup_stm32f303x8.o(STACK) refers (Special) to heapauxi.o(.text) for __use_two_region_memory
    startup_stm32f303x8.o(HEAP) refers (Special) to heapauxi.o(.text) for __use_two_region_memory
    startup_stm32f303x8.o(RESET) refers (Special) to heapauxi.o(.text) for __use_two_region_memory
    startup_stm32f303x8.o(RESET) refers to startup_stm32f303x8.o(STACK) for __initial_sp
    startup_stm32f303x8.o(RESET) refers to startup_stm32f303x8.o(.text) for Reset_Handler
    startup_stm32f303x8.o(RESET) refers to stm32f3xx_it.o(i.NMI_Handler) for NMI_Handler
    startup_stm32f303x8.o(RESET) refers to stm32f3xx_it.o(i.HardFault_Handler) for HardFault_Handler
    startup_stm32f303x8.o(RESET) refers to stm32f3xx_it.o(i.MemManage_Handler) for MemManage_Handler
    startup_stm32f303x8.o(RESET) refers to stm32f3xx_it.o(i.BusFault_Handler) for BusFault_Handler
    startup_stm32f303x8.o(RESET) refers to stm32f3xx_it.o(i.UsageFault_Handler) for UsageFault_Handler
    startup_stm32f303x8.o(RESET) refers to stm32f3xx_it.o(i.SVC_Handler) for SVC_Handler
    startup_stm32f303x8.o(RESET) refers to stm32f3xx_it.o(i.DebugMon_Handler) for DebugMon_Handler
    startup_stm32f303x8.o(RESET) refers to stm32f3xx_it.o(i.PendSV_Handler) for PendSV_Handler
    startup_stm32f303x8.o(RESET) refers to stm32f3xx_it.o(i.SysTick_Handler) for SysTick_Handler
    startup_stm32f303x8.o(RESET) refers to stm32f3xx_it.o(i.I2C1_EV_IRQHandler) for I2C1_EV_IRQHandler
    startup_stm32f303x8.o(RESET) refers to stm32f3xx_it.o(i.I2C1_ER_IRQHandler) for I2C1_ER_IRQHandler
    startup_stm32f303x8.o(RESET) refers to stm32f3xx_it.o(i.USART1_IRQHandler) for USART1_IRQHandler
    startup_stm32f303x8.o(.text) refers (Special) to heapauxi.o(.text) for __use_two_region_memory
    startup_stm32f303x8.o(.text) refers to system_stm32f3xx.o(i.SystemInit) for SystemInit
    startup_stm32f303x8.o(.text) refers to __main.o(!!!main) for __main
    startup_stm32f303x8.o(.text) refers to startup_stm32f303x8.o(HEAP) for Heap_Mem
    startup_stm32f303x8.o(.text) refers to startup_stm32f303x8.o(STACK) for Stack_Mem
    main.o(i.MX_GPIO_Init) refers to rt_memclr_w.o(.text) for __aeabi_memclr4
    main.o(i.MX_GPIO_Init) refers to stm32f3xx_hal_gpio.o(i.HAL_GPIO_WritePin) for HAL_GPIO_WritePin
    main.o(i.MX_GPIO_Init) refers to stm32f3xx_hal_gpio.o(i.HAL_GPIO_Init) for HAL_GPIO_Init
    main.o(i.MX_I2C1_Init) refers to stm32f3xx_hal_i2c.o(i.HAL_I2C_Init) for HAL_I2C_Init
    main.o(i.MX_I2C1_Init) refers to stm32f3xx_hal_i2c_ex.o(i.HAL_I2CEx_ConfigAnalogFilter) for HAL_I2CEx_ConfigAnalogFilter
    main.o(i.MX_I2C1_Init) refers to stm32f3xx_hal_i2c_ex.o(i.HAL_I2CEx_ConfigDigitalFilter) for HAL_I2CEx_ConfigDigitalFilter
    main.o(i.MX_I2C1_Init) refers to main.o(.bss) for .bss
    main.o(i.MX_USART1_UART_Init) refers to stm32f3xx_hal_uart.o(i.HAL_UART_Init) for HAL_UART_Init
    main.o(i.MX_USART1_UART_Init) refers to main.o(.bss) for .bss
    main.o(i.MX_USART2_UART_Init) refers to stm32f3xx_hal_uart.o(i.HAL_UART_Init) for HAL_UART_Init
    main.o(i.MX_USART2_UART_Init) refers to main.o(.bss) for .bss
    main.o(i.SystemClock_Config) refers to rt_memclr_w.o(.text) for __aeabi_memclr4
    main.o(i.SystemClock_Config) refers to stm32f3xx_hal_rcc.o(i.HAL_RCC_OscConfig) for HAL_RCC_OscConfig
    main.o(i.SystemClock_Config) refers to stm32f3xx_hal_rcc.o(i.HAL_RCC_ClockConfig) for HAL_RCC_ClockConfig
    main.o(i.SystemClock_Config) refers to stm32f3xx_hal_rcc_ex.o(i.HAL_RCCEx_PeriphCLKConfig) for HAL_RCCEx_PeriphCLKConfig
    main.o(i.main) refers to _printf_percent.o(.ARM.Collect$$_printf_percent$$00000000) for _printf_percent
    main.o(i.main) refers to _printf_d.o(.ARM.Collect$$_printf_percent$$00000009) for _printf_d
    main.o(i.main) refers to _printf_dec.o(.text) for _printf_int_dec
    main.o(i.main) refers to _printf_pad.o(.text) for _printf_pre_padding
    main.o(i.main) refers to _printf_truncate.o(.text) for _printf_truncate_unsigned
    main.o(i.main) refers to _printf_i.o(.ARM.Collect$$_printf_percent$$00000008) for _printf_i
    main.o(i.main) refers to _printf_u.o(.ARM.Collect$$_printf_percent$$0000000A) for _printf_u
    main.o(i.main) refers to _printf_o.o(.ARM.Collect$$_printf_percent$$0000000B) for _printf_o
    main.o(i.main) refers to _printf_x.o(.ARM.Collect$$_printf_percent$$0000000C) for _printf_x
    main.o(i.main) refers to _printf_c.o(.ARM.Collect$$_printf_percent$$00000013) for _printf_c
    main.o(i.main) refers to _printf_lc.o(.ARM.Collect$$_printf_percent$$00000015) for _printf_lc
    main.o(i.main) refers to _printf_oct_int.o(.text) for _printf_longlong_oct
    main.o(i.main) refers to _printf_hex_int.o(.text) for _printf_longlong_hex
    main.o(i.main) refers to _printf_str.o(.text) for _printf_str
[...]
    ../clib/signal.c                         0x00000000   Number         0  defsig_abrt_inner.o ABSOLUTE
    ../clib/signal.c                         0x00000000   Number         0  defsig_fpe_outer.o ABSOLUTE
    ../clib/signal.c                         0x00000000   Number         0  defsig_stak_inner.o ABSOLUTE
    ../clib/signal.c                         0x00000000   Number         0  defsig_general.o ABSOLUTE
    ../clib/signal.c                         0x00000000   Number         0  __raise.o ABSOLUTE
    ../clib/signal.c                         0x00000000   Number         0  defsig_rtmem_formal.o ABSOLUTE
    ../clib/signal.c                         0x00000000   Number         0  defsig_fpe_inner.o ABSOLUTE
    ../clib/signal.c                         0x00000000   Number         0  defsig_pvfn_inner.o ABSOLUTE
    ../clib/signal.c                         0x00000000   Number         0  defsig_cppl_inner.o ABSOLUTE
    ../clib/signal.c                         0x00000000   Number         0  defsig_segv_inner.o ABSOLUTE
    ../clib/signal.c                         0x00000000   Number         0  defsig_other.o ABSOLUTE
    ../clib/signal.c                         0x00000000   Number         0  defsig_fpe_formal.o ABSOLUTE
    ../clib/signal.s                         0x00000000   Number         0  defsig.o ABSOLUTE
    ../clib/stdlib.c                         0x00000000   Number         0  exit.o ABSOLUTE
    ../fplib/dfix.s                          0x00000000   Number         0  dfix.o ABSOLUTE
    ../fplib/dflt.s                          0x00000000   Number         0  dflt_clz.o ABSOLUTE
    ../fplib/dmul.s                          0x00000000   Number         0  dmul.o ABSOLUTE
    ../fplib/dnaninf.s                       0x00000000   Number         0  dnaninf.o ABSOLUTE
    ../fplib/dretinf.s                       0x00000000   Number         0  dretinf.o ABSOLUTE
    ../fplib/fpinit.s                        0x00000000   Number         0  fpinit.o ABSOLUTE
    ../fplib/usenofp.s                       0x00000000   Number         0  usenofp.o ABSOLUTE
    ..\Core\Src\main.c                       0x00000000   Number         0  main.o ABSOLUTE
    ..\Core\Src\stm32f3xx_hal_msp.c          0x00000000   Number         0  stm32f3xx_hal_msp.o ABSOLUTE
    ..\Core\Src\stm32f3xx_it.c               0x00000000   Number         0  stm32f3xx_it.o ABSOLUTE
    ..\Core\Src\system_stm32f3xx.c           0x00000000   Number         0  system_stm32f3xx.o ABSOLUTE
    ..\Drivers\STM32F3xx_HAL_Driver\Src\stm32f3xx_hal.c 0x00000000   Number         0  stm32f3xx_hal.o ABSOLUTE
    ..\Drivers\STM32F3xx_HAL_Driver\Src\stm32f3xx_hal_cortex.c 0x00000000   Number         0  stm32f3xx_hal_cortex.o ABSOLUTE
    ..\Drivers\STM32F3xx_HAL_Driver\Src\stm32f3xx_hal_dma.c 0x00000000   Number         0  stm32f3xx_hal_dma.o ABSOLUTE
    ..\Drivers\STM32F3xx_HAL_Driver\Src\stm32f3xx_hal_exti.c 0x00000000   Number         0  stm32f3xx_hal_exti.o ABSOLUTE
    ..\Drivers\STM32F3xx_HAL_Driver\Src\stm32f3xx_hal_flash.c 0x00000000   Number         0  stm32f3xx_hal_flash.o ABSOLUTE
    ..\Drivers\STM32F3xx_HAL_Driver\Src\stm32f3xx_hal_flash_ex.c 0x00000000   Number         0  stm32f3xx_hal_flash_ex.o ABSOLUTE
    ..\Drivers\STM32F3xx_HAL_Driver\Src\stm32f3xx_hal_gpio.c 0x00000000   Number         0  stm32f3xx_hal_gpio.o ABSOLUTE
    ..\Drivers\STM32F3xx_HAL_Driver\Src\stm32f3xx_hal_i2c.c 0x00000000   Number         0  stm32f3xx_hal_i2c.o ABSOLUTE
    ..\Drivers\STM32F3xx_HAL_Driver\Src\stm32f3xx_hal_i2c_ex.c 0x00000000   Number         0  stm32f3xx_hal_i2c_ex.o ABSOLUTE
    ..\Drivers\STM32F3xx_HAL_Driver\Src\stm32f3xx_hal_pwr.c 0x00000000   Number         0  stm32f3xx_hal_pwr.o ABSOLUTE
    ..\Drivers\STM32F3xx_HAL_Driver\Src\stm32f3xx_hal_pwr_ex.c 0x00000000   Number         0  stm32f3xx_hal_pwr_ex.o ABSOLUTE
    ..\Drivers\STM32F3xx_HAL_Driver\Src\stm32f3xx_hal_rcc.c 0x00000000   Number         0  stm32f3xx_hal_rcc.o ABSOLUTE
    ..\Drivers\STM32F3xx_HAL_Driver\Src\stm32f3xx_hal_rcc_ex.c 0x00000000   Number         0  stm32f3xx_hal_rcc_ex.o ABSOLUTE
    ..\Drivers\STM32F3xx_HAL_Driver\Src\stm32f3xx_hal_tim.c 0x00000000   Number         0  stm32f3xx_hal_tim.o ABSOLUTE
    ..\Drivers\STM32F3xx_HAL_Driver\Src\stm32f3xx_hal_tim_ex.c 0x00000000   Number         0  stm32f3xx_hal_tim_ex.o ABSOLUTE
    ..\Drivers\STM32F3xx_HAL_Driver\Src\stm32f3xx_hal_uart.c 0x00000000   Number         0  stm32f3xx_hal_uart.o ABSOLUTE
    ..\Drivers\STM32F3xx_HAL_Driver\Src\stm32f3xx_hal_uart_ex.c 0x00000000   Number         0  stm32f3xx_hal_uart_ex.o ABSOLUTE
    dc.s                                     0x00000000   Number         0  dc.o ABSOLUTE
    startup_stm32f303x8.s                    0x00000000   Number         0  startup_stm32f303x8.o ABSOLUTE
    RESET                                    0x08000000   Section      392  startup_stm32f303x8.o(RESET)
    !!!main                                  0x08000188   Section        8  __main.o(!!!main)
    !!!scatter                               0x08000190   Section       52  __scatter.o(!!!scatter)
    !!handler_copy                           0x080001c4   Section       26  __scatter_copy.o(!!handler_copy)
    !!handler_zi                             0x080001e0   Section       28  __scatter_zi.o(!!handler_zi)
    .ARM.Collect$$_printf_percent$$00000000  0x080001fc   Section        0  _printf_percent.o(.ARM.Collect$$_printf_percent$$00000000)
    .ARM.Collect$$_printf_percent$$00000008  0x080001fc   Section        6  _printf_i.o(.ARM.Collect$$_printf_percent$$00000008)
    .ARM.Collect$$_printf_percent$$00000009  0x08000202   Section        6  _printf_d.o(.ARM.Collect$$_printf_percent$$00000009)
    .ARM.Collect$$_printf_percent$$0000000A  0x08000208   Section        6  _printf_u.o(.ARM.Collect$$_printf_percent$$0000000A)
    .ARM.Collect$$_printf_percent$$0000000B  0x0800020e   Section        6  _printf_o.o(.ARM.Collect$$_printf_percent$$0000000B)
    .ARM.Collect$$_printf_percent$$0000000C  0x08000214   Section        6  _printf_x.o(.ARM.Collect$$_printf_percent$$0000000C)
    .ARM.Collect$$_printf_percent$$00000012  0x0800021a   Section       10  _printf_l.o(.ARM.Collect$$_printf_percent$$00000012)
    .ARM.Collect$$_printf_percent$$00000013  0x08000224   Section        6  _printf_c.o(.ARM.Collect$$_printf_percent$$00000013)
    .ARM.Collect$$_printf_percent$$00000015  0x0800022a   Section        6  _printf_lc.o(.ARM.Collect$$_printf_percent$$00000015)
    .ARM.Collect$$_printf_percent$$00000017  0x08000230   Section        4  _printf_percent_end.o(.ARM.Collect$$_printf_percent$$00000017)
    .ARM.Collect$$libinit$$00000000          0x08000234   Section        2  libinit.o(.ARM.Collect$$libinit$$00000000)
    .ARM.Collect$$libinit$$00000001          0x08000236   Section        4  libinit2.o(.ARM.Collect$$libinit$$00000001)
    .ARM.Collect$$libinit$$00000004          0x0800023a   Section        0  libinit2.o(.ARM.Collect$$libinit$$00000004)
    .ARM.Collect$$libinit$$0000000A          0x0800023a   Section        0  libinit2.o(.ARM.Collect$$libinit$$0000000A)
    .ARM.Collect$$libinit$$0000000C          0x0800023a   Section        0  libinit2.o(.ARM.Collect$$libinit$$0000000C)
    .ARM.Collect$$libinit$$0000000E          0x0800023a   Section        0  libinit2.o(.ARM.Collect$$libinit$$0000000E)
    .ARM.Collect$$libinit$$0000000F          0x0800023a   Section        6  libinit2.o(.ARM.Collect$$libinit$$0000000F)
    .ARM.Collect$$libinit$$00000011          0x08000240   Section        0  libinit2.o(.ARM.Collect$$libinit$$00000011)
    .ARM.Collect$$libinit$$00000012          0x08000240   Section       12  libinit2.o(.ARM.Collect$$libinit$$00000012)
    .ARM.Collect$$libinit$$00000013          0x0800024c   Section        0  libinit2.o(.ARM.Collect$$libinit$$00000013)
    .ARM.Collect$$libinit$$00000015          0x0800024c   Section        0  libinit2.o(.ARM.Collect$$libinit$$00000015)
    .ARM.Collect$$libinit$$00000017          0x0800024c   Section        0  libinit2.o(.ARM.Collect$$libinit$$00000017)
    .ARM.Collect$$libinit$$00000019          0x0800024c   Section        0  libinit2.o(.ARM.Collect$$libinit$$00000019)
    .ARM.Collect$$libinit$$0000001B          0x0800024c   Section        0  libinit2.o(.ARM.Collect$$libinit$$0000001B)
    .ARM.Collect$$libinit$$0000001D          0x0800024c   Section        0  libinit2.o(.ARM.Collect$$libinit$$0000001D)
    .ARM.Collect$$libinit$$0000001F          0x0800024c   Section        0  libinit2.o(.ARM.Collect$$libinit$$0000001F)
    .ARM.Collect$$libinit$$00000021          0x0800024c   Section        0  libinit2.o(.ARM.Collect$$libinit$$00000021)
    .ARM.Collect$$libinit$$00000023          0x0800024c   Section        0  libinit2.o(.ARM.Collect$$libinit$$00000023)
    .ARM.Collect$$libinit$$00000025          0x0800024c   Section        0  libinit2.o(.ARM.Collect$$libinit$$00000025)
    .ARM.Collect$$libinit$$0000002C          0x0800024c   Section        0  libinit2.o(.ARM.Collect$$libinit$$0000002C)
    .ARM.Collect$$libinit$$0000002E          0x0800024c   Section        0  libinit2.o(.ARM.Collect$$libinit$$0000002E)
    .ARM.Collect$$libinit$$00000030          0x0800024c   Section        0  libinit2.o(.ARM.Collect$$libinit$$00000030)
    .ARM.Collect$$libinit$$00000032          0x0800024c   Section        0  libinit2.o(.ARM.Collect$$libinit$$00000032)
    .ARM.Collect$$libinit$$00000033          0x0800024c   Section        2  libinit2.o(.ARM.Collect$$libinit$$00000033)
    .ARM.Collect$$libshutdown$$00000000      0x0800024e   Section        2  libshutdown.o(.ARM.Collect$$libshutdown$$00000000)
    .ARM.Collect$$libshutdown$$00000002      0x08000250   Section        0  libshutdown2.o(.ARM.Collect$$libshutdown$$00000002)
    .ARM.Collect$$libshutdown$$00000004      0x08000250   Section        0  libshutdown2.o(.ARM.Collect$$libshutdown$$00000004)
    .ARM.Collect$$libshutdown$$00000006      0x08000250   Section        0  libshutdown2.o(.ARM.Collect$$libshutdown$$00000006)
    .ARM.Collect$$libshutdown$$00000009      0x08000250   Section        0  libshutdown2.o(.ARM.Collect$$libshutdown$$00000009)
    .ARM.Collect$$libshutdown$$0000000C      0x08000250   Section        0  libshutdown2.o(.ARM.Collect$$libshutdown$$0000000C)
    .ARM.Collect$$libshutdown$$0000000E      0x08000250   Section        0  libshutdown2.o(.ARM.Collect$$libshutdown$$0000000E)
    .ARM.Collect$$libshutdown$$00000011      0x08000250   Section        0  libshutdown2.o(.ARM.Collect$$libshutdown$$00000011)
    .ARM.Collect$$libshutdown$$00000012      0x08000250   Section        2  libshutdown2.o(.ARM.Collect$$libshutdown$$00000012)
    .ARM.Collect$$rtentry$$00000000          0x08000252   Section        0  __rtentry.o(.ARM.Collect$$rtentry$$00000000)
    .ARM.Collect$$rtentry$$00000002          0x08000252   Section        0  __rtentry2.o(.ARM.Collect$$rtentry$$00000002)
    .ARM.Collect$$rtentry$$00000004          0x08000252   Section        6  __rtentry4.o(.ARM.Collect$$rtentry$$00000004)
    .ARM.Collect$$rtentry$$00000009          0x08000258   Section        0  __rtentry2.o(.ARM.Collect$$rtentry$$00000009)
    .ARM.Collect$$rtentry$$0000000A          0x08000258   Section        4  __rtentry2.o(.ARM.Collect$$rtentry$$0000000A)
    .ARM.Collect$$rtentry$$0000000C          0x0800025c   Section        0  __rtentry2.o(.ARM.Collect$$rtentry$$0000000C)
    .ARM.Collect$$rtentry$$0000000D          0x0800025c   Section        8  __rtentry2.o(.ARM.Collect$$rtentry$$0000000D)
    .ARM.Collect$$rtexit$$00000000           0x08000264   Section        2  rtexit.o(.ARM.Collect$$rtexit$$00000000)
    .ARM.Collect$$rtexit$$00000002           0x08000266   Section        0  rtexit2.o(.ARM.Collect$$rtexit$$00000002)
    .ARM.Collect$$rtexit$$00000003           0x08000266   Section        4  rtexit2.o(.ARM.Collect$$rtexit$$00000003)
    .ARM.Collect$$rtexit$$00000004           0x0800026a   Section        6  rtexit2.o(.ARM.Collect$$rtexit$$00000004)
    .text                                    0x08000270   Section       64  startup_stm32f303x8.o(.text)
    $v0                                      0x08000270   Number         0  startup_stm32f303x8.o(.text)
    .text                                    0x080002b0   Section      238  lludivv7m.o(.text)
    .text                                    0x080003a0   Section        0  noretval__2sprintf.o(.text)
    .text                                    0x080003c8   Section        0  _printf_pad.o(.text)
    .text                                    0x08000416   Section        0  _printf_truncate.o(.text)
    .text                                    0x0800043a   Section        0  _printf_str.o(.text)
    .text                                    0x0800048c   Section        0  _printf_dec.o(.text)
    .text                                    0x08000504   Section        0  _printf_wctomb.o(.text)
    .text                                    0x080005c0   Section        0  _printf_oct_int.o(.text)
    .text                                    0x08000610   Section        0  _printf_hex_int.o(.text)
    .text                                    0x08000668   Section        0  __printf_flags_ss_wp.o(.text)
    .text                                    0x080007f0   Section       78  rt_memclr_w.o(.text)
    .text                                    0x0800083e   Section        0  heapauxi.o(.text)
    .text                                    0x08000844   Section        0  _printf_intcommon.o(.text)
    .text                                    0x080008f8   Section        0  _printf_char_common.o(.text)
    _printf_input_char                       0x080008f9   Thumb Code    10  _printf_char_common.o(.text)
    .text                                    0x08000928   Section        0  _sputc.o(.text)
    .text                                    0x08000932   Section        0  _printf_char.o(.text)
    .text                                    0x0800095e   Section        0  _printf_wchar.o(.text)
    .text                                    0x0800098a   Section        0  _wcrtomb.o(.text)
    .text                                    0x080009cc   Section       16  rt_ctype_table.o(.text)
    .text                                    0x080009dc   Section       74  sys_stackheap_outer.o(.text)
    .text                                    0x08000a28   Section        8  rt_locale_intlibspace.o(.text)
    .text                                    0x08000a30   Section        0  exit.o(.text)
    .text                                    0x08000a44   Section        8  libspace.o(.text)
    .text                                    0x08000a4c   Section      128  strcmpv7m.o(.text)
    .text                                    0x08000acc   Section        0  sys_exit.o(.text)
    .text                                    0x08000ad8   Section        2  use_no_semi.o(.text)
    .text                                    0x08000ada   Section        0  indicate_semi.o(.text)
    i.BusFault_Handler                       0x08000ada   Section        0  stm32f3xx_it.o(i.BusFault_Handler)
    i.DebugMon_Handler                       0x08000adc   Section        0  stm32f3xx_it.o(i.DebugMon_Handler)
    i.HAL_DMA_Abort                          0x08000ade   Section        0  stm32f3xx_hal_dma.o(i.HAL_DMA_Abort)
    i.HAL_DMA_Abort_IT                       0x08000b24   Section        0  stm32f3xx_hal_dma.o(i.HAL_DMA_Abort_IT)
    i.HAL_DMA_GetState                       0x08000b6e   Section        0  stm32f3xx_hal_dma.o(i.HAL_DMA_GetState)
    i.HAL_Delay                              0x08000b74   Section        0  stm32f3xx_hal.o(i.HAL_Delay)
    i.HAL_GPIO_Init                          0x08000b98   Section        0  stm32f3xx_hal_gpio.o(i.HAL_GPIO_Init)
    i.HAL_GPIO_TogglePin                     0x08000db8   Section        0  stm32f3xx_hal_gpio.o(i.HAL_GPIO_TogglePin)
    i.HAL_GPIO_WritePin                      0x08000dc8   Section        0  stm32f3xx_hal_gpio.o(i.HAL_GPIO_WritePin)
    i.HAL_GetTick                            0x08000dd4   Section        0  stm32f3xx_hal.o(i.HAL_GetTick)
    i.HAL_I2CEx_ConfigAnalogFilter           0x08000de0   Section        0  stm32f3xx_hal_i2c_ex.o(i.HAL_I2CEx_ConfigAnalogFilter)
    i.HAL_I2CEx_ConfigDigitalFilter          0x08000e36   Section        0  stm32f3xx_hal_i2c_ex.o(i.HAL_I2CEx_ConfigDigitalFilter)
    i.HAL_I2C_AbortCpltCallback              0x08000e88   Section        0  stm32f3xx_hal_i2c.o(i.HAL_I2C_AbortCpltCallback)
    i.HAL_I2C_AddrCallback                   0x08000e8a   Section        0  stm32f3xx_hal_i2c.o(i.HAL_I2C_AddrCallback)
    i.HAL_I2C_ER_IRQHandler                  0x08000e8c   Section        0  stm32f3xx_hal_i2c.o(i.HAL_I2C_ER_IRQHandler)
    i.HAL_I2C_EV_IRQHandler                  0x08000ef4   Section        0  stm32f3xx_hal_i2c.o(i.HAL_I2C_EV_IRQHandler)
    i.HAL_I2C_ErrorCallback                  0x08000f04   Section        0  stm32f3xx_hal_i2c.o(i.HAL_I2C_ErrorCallback)
    i.HAL_I2C_Init                           0x08000f08   Section        0  stm32f3xx_hal_i2c.o(i.HAL_I2C_Init)
    i.HAL_I2C_IsDeviceReady                  0x08000fc0   Section        0  stm32f3xx_hal_i2c.o(i.HAL_I2C_IsDeviceReady)
    i.HAL_I2C_ListenCpltCallback             0x080010ec   Section        0  stm32f3xx_hal_i2c.o(i.HAL_I2C_ListenCpltCallback)
    i.HAL_I2C_Master_Receive                 0x080010f0   Section        0  stm32f3xx_hal_i2c.o(i.HAL_I2C_Master_Receive)
    i.HAL_I2C_Master_Transmit                0x08001214   Section        0  stm32f3xx_hal_i2c.o(i.HAL_I2C_Master_Transmit)
    i.HAL_I2C_MspInit                        0x08001338   Section        0  stm32f3xx_hal_msp.o(i.HAL_I2C_MspInit)
    i.HAL_I2C_SlaveRxCpltCallback            0x080013bc   Section        0  stm32f3xx_hal_i2c.o(i.HAL_I2C_SlaveRxCpltCallback)
    i.HAL_I2C_SlaveTxCpltCallback            0x080013be   Section        0  stm32f3xx_hal_i2c.o(i.HAL_I2C_SlaveTxCpltCallback)
    i.HAL_IncTick                            0x080013c0   Section        0  stm32f3xx_hal.o(i.HAL_IncTick)
    i.HAL_Init                               0x080013d0   Section        0  stm32f3xx_hal.o(i.HAL_Init)
    i.HAL_InitTick                           0x080013f4   Section        0  stm32f3xx_hal.o(i.HAL_InitTick)
    i.HAL_MspInit                            0x08001434   Section        0  stm32f3xx_hal_msp.o(i.HAL_MspInit)
    i.HAL_NVIC_EnableIRQ                     0x08001460   Section        0  stm32f3xx_hal_cortex.o(i.HAL_NVIC_EnableIRQ)
    i.HAL_NVIC_SetPriority                   0x0800147c   Section        0  stm32f3xx_hal_cortex.o(i.HAL_NVIC_SetPriority)
    i.HAL_NVIC_SetPriorityGrouping           0x080014bc   Section        0  stm32f3xx_hal_cortex.o(i.HAL_NVIC_SetPriorityGrouping)
    i.HAL_RCCEx_PeriphCLKConfig              0x080014e0   Section        0  stm32f3xx_hal_rcc_ex.o(i.HAL_RCCEx_PeriphCLKConfig)
    i.HAL_RCC_ClockConfig                    0x08001654   Section        0  stm32f3xx_hal_rcc.o(i.HAL_RCC_ClockConfig)
    i.HAL_RCC_GetPCLK1Freq                   0x0800179c   Section        0  stm32f3xx_hal_rcc.o(i.HAL_RCC_GetPCLK1Freq)
    i.HAL_RCC_GetPCLK2Freq                   0x080017cc   Section        0  stm32f3xx_hal_rcc.o(i.HAL_RCC_GetPCLK2Freq)
    i.HAL_RCC_GetSysClockFreq                0x080017fc   Section        0  stm32f3xx_hal_rcc.o(i.HAL_RCC_GetSysClockFreq)
    i.HAL_RCC_OscConfig                      0x08001868   Section        0  stm32f3xx_hal_rcc.o(i.HAL_RCC_OscConfig)
    i.HAL_SYSTICK_Config                     0x08001e30   Section        0  stm32f3xx_hal_cortex.o(i.HAL_SYSTICK_Config)
    i.HAL_UARTEx_RxEventCallback             0x08001e58   Section        0  stm32f3xx_hal_uart.o(i.HAL_UARTEx_RxEventCallback)
    i.HAL_UARTEx_WakeupCallback              0x08001e5a   Section        0  stm32f3xx_hal_uart_ex.o(i.HAL_UARTEx_WakeupCallback)
    i.HAL_UART_ErrorCallback                 0x08001e5c   Section        0  stm32f3xx_hal_uart.o(i.HAL_UART_ErrorCallback)
    i.HAL_UART_IRQHandler                    0x08001e60   Section        0  stm32f3xx_hal_uart.o(i.HAL_UART_IRQHandler)
    i.HAL_UART_Init                          0x08002118   Section        0  stm32f3xx_hal_uart.o(i.HAL_UART_Init)
    i.HAL_UART_MspInit                       0x08002180   Section        0  stm32f3xx_hal_msp.o(i.HAL_UART_MspInit)
    i.HAL_UART_Transmit                      0x08002234   Section        0  stm32f3xx_hal_uart.o(i.HAL_UART_Transmit)
    i.HAL_UART_TxCpltCallback                0x080022d8   Section        0  stm32f3xx_hal_uart.o(i.HAL_UART_TxCpltCallback)
    i.HardFault_Handler                      0x080022da   Section        0  stm32f3xx_it.o(i.HardFault_Handler)
    i.I2C1_ER_IRQHandler                     0x080022dc   Section        0  stm32f3xx_it.o(i.I2C1_ER_IRQHandler)
    i.I2C1_EV_IRQHandler                     0x080022e8   Section        0  stm32f3xx_it.o(i.I2C1_EV_IRQHandler)
    i.I2C_DMAAbort                           0x080022f4   Section        0  stm32f3xx_hal_i2c.o(i.I2C_DMAAbort)
    I2C_DMAAbort                             0x080022f5   Thumb Code    20  stm32f3xx_hal_i2c.o(i.I2C_DMAAbort)
    i.I2C_Disable_IRQ                        0x08002308   Section        0  stm32f3xx_hal_i2c.o(i.I2C_Disable_IRQ)
    I2C_Disable_IRQ                          0x08002309   Thumb Code    94  stm32f3xx_hal_i2c.o(i.I2C_Disable_IRQ)
    i.I2C_Flush_TXDR                         0x08002366   Section        0  stm32f3xx_hal_i2c.o(i.I2C_Flush_TXDR)
    I2C_Flush_TXDR                           0x08002367   Thumb Code    34  stm32f3xx_hal_i2c.o(i.I2C_Flush_TXDR)
    i.I2C_ITAddrCplt                         0x08002388   Section        0  stm32f3xx_hal_i2c.o(i.I2C_ITAddrCplt)
    I2C_ITAddrCplt                           0x08002389   Thumb Code   140  stm32f3xx_hal_i2c.o(i.I2C_ITAddrCplt)
    i.I2C_ITError                            0x08002414   Section        0  stm32f3xx_hal_i2c.o(i.I2C_ITError)
    I2C_ITError                              0x08002415   Thumb Code   272  stm32f3xx_hal_i2c.o(i.I2C_ITError)
    i.I2C_ITListenCplt                       0x08002530   Section        0  stm32f3xx_hal_i2c.o(i.I2C_ITListenCplt)
    I2C_ITListenCplt                         0x08002531   Thumb Code    94  stm32f3xx_hal_i2c.o(i.I2C_ITListenCplt)
    i.I2C_ITSlaveCplt                        0x08002594   Section        0  stm32f3xx_hal_i2c.o(i.I2C_ITSlaveCplt)
    I2C_ITSlaveCplt                          0x08002595   Thumb Code   294  stm32f3xx_hal_i2c.o(i.I2C_ITSlaveCplt)
    i.I2C_ITSlaveSeqCplt                     0x080026c4   Section        0  stm32f3xx_hal_i2c.o(i.I2C_ITSlaveSeqCplt)
    I2C_ITSlaveSeqCplt                       0x080026c5   Thumb Code   114  stm32f3xx_hal_i2c.o(i.I2C_ITSlaveSeqCplt)
    i.I2C_IsErrorOccurred                    0x08002738   Section        0  stm32f3xx_hal_i2c.o(i.I2C_IsErrorOccurred)
    I2C_IsErrorOccurred                      0x08002739   Thumb Code   264  stm32f3xx_hal_i2c.o(i.I2C_IsErrorOccurred)
    i.I2C_Slave_ISR_IT                       0x08002844   Section        0  stm32f3xx_hal_i2c.o(i.I2C_Slave_ISR_IT)
    I2C_Slave_ISR_IT                         0x08002845   Thumb Code   284  stm32f3xx_hal_i2c.o(i.I2C_Slave_ISR_IT)
    i.I2C_TransferConfig                     0x08002964   Section        0  stm32f3xx_hal_i2c.o(i.I2C_TransferConfig)
    I2C_TransferConfig                       0x08002965   Thumb Code    44  stm32f3xx_hal_i2c.o(i.I2C_TransferConfig)
    i.I2C_TreatErrorCallback                 0x08002994   Section        0  stm32f3xx_hal_i2c.o(i.I2C_TreatErrorCallback)
    I2C_TreatErrorCallback                   0x08002995   Thumb Code    42  stm32f3xx_hal_i2c.o(i.I2C_TreatErrorCallback)
    i.I2C_WaitOnFlagUntilTimeout             0x080029be   Section        0  stm32f3xx_hal_i2c.o(i.I2C_WaitOnFlagUntilTimeout)
    I2C_WaitOnFlagUntilTimeout               0x080029bf   Thumb Code   108  stm32f3xx_hal_i2c.o(i.I2C_WaitOnFlagUntilTimeout)
    i.I2C_WaitOnRXNEFlagUntilTimeout         0x08002a2c   Section        0  stm32f3xx_hal_i2c.o(i.I2C_WaitOnRXNEFlagUntilTimeout)
    I2C_WaitOnRXNEFlagUntilTimeout           0x08002a2d   Thumb Code   162  stm32f3xx_hal_i2c.o(i.I2C_WaitOnRXNEFlagUntilTimeout)
    i.I2C_WaitOnSTOPFlagUntilTimeout         0x08002ad4   Section        0  stm32f3xx_hal_i2c.o(i.I2C_WaitOnSTOPFlagUntilTimeout)
    I2C_WaitOnSTOPFlagUntilTimeout           0x08002ad5   Thumb Code    86  stm32f3xx_hal_i2c.o(i.I2C_WaitOnSTOPFlagUntilTimeout)
    i.I2C_WaitOnTXISFlagUntilTimeout         0x08002b2a   Section        0  stm32f3xx_hal_i2c.o(i.I2C_WaitOnTXISFlagUntilTimeout)
    I2C_WaitOnTXISFlagUntilTimeout           0x08002b2b   Thumb Code    90  stm32f3xx_hal_i2c.o(i.I2C_WaitOnTXISFlagUntilTimeout)
    i.MX_GPIO_Init                           0x08002b84   Section        0  main.o(i.MX_GPIO_Init)
    MX_GPIO_Init                             0x08002b85   Thumb Code   100  main.o(i.MX_GPIO_Init)
    i.MX_I2C1_Init                           0x08002bf0   Section        0  main.o(i.MX_I2C1_Init)
    MX_I2C1_Init                             0x08002bf1   Thumb Code    72  main.o(i.MX_I2C1_Init)
    i.MX_USART1_UART_Init                    0x08002c44   Section        0  main.o(i.MX_USART1_UART_Init)
    MX_USART1_UART_Init                      0x08002c45   Thumb Code    48  main.o(i.MX_USART1_UART_Init)
    i.MX_USART2_UART_Init                    0x08002c7c   Section        0  main.o(i.MX_USART2_UART_Init)
    MX_USART2_UART_Init                      0x08002c7d   Thumb Code    48  main.o(i.MX_USART2_UART_Init)
    i.MemManage_Handler                      0x08002cb4   Section        0  stm32f3xx_it.o(i.MemManage_Handler)
    i.NMI_Handler                            0x08002cb6   Section        0  stm32f3xx_it.o(i.NMI_Handler)
    i.PendSV_Handler                         0x08002cb8   Section        0  stm32f3xx_it.o(i.PendSV_Handler)
    i.SVC_Handler                            0x08002cba   Section        0  stm32f3xx_it.o(i.SVC_Handler)
    i.SysTick_Handler                        0x08002cbc   Section        0  stm32f3xx_it.o(i.SysTick_Handler)
    i.SystemClock_Config                     0x08002cc0   Section        0  main.o(i.SystemClock_Config)
    i.SystemInit                             0x08002d2c   Section        0  system_stm32f3xx.o(i.SystemInit)
    i.UART_AdvFeatureConfig                  0x08002d3c   Section        0  stm32f3xx_hal_uart.o(i.UART_AdvFeatureConfig)
    i.UART_CheckIdleState                    0x08002e04   Section        0  stm32f3xx_hal_uart.o(i.UART_CheckIdleState)
    i.UART_DMAAbortOnError                   0x08002eac   Section        0  stm32f3xx_hal_uart.o(i.UART_DMAAbortOnError)
    UART_DMAAbortOnError                     0x08002ead   Thumb Code    20  stm32f3xx_hal_uart.o(i.UART_DMAAbortOnError)
    i.UART_EndRxTransfer                     0x08002ec0   Section        0  stm32f3xx_hal_uart.o(i.UART_EndRxTransfer)
    UART_EndRxTransfer                       0x08002ec1   Thumb Code    76  stm32f3xx_hal_uart.o(i.UART_EndRxTransfer)
    i.UART_SetConfig                         0x08002f0c   Section        0  stm32f3xx_hal_uart.o(i.UART_SetConfig)
    i.UART_WaitOnFlagUntilTimeout            0x0800304c   Section        0  stm32f3xx_hal_uart.o(i.UART_WaitOnFlagUntilTimeout)
    i.USART1_IRQHandler                      0x080030d8   Section        0  stm32f3xx_it.o(i.USART1_IRQHandler)
    i.UsageFault_Handler                     0x080030e4   Section        0  stm32f3xx_it.o(i.UsageFault_Handler)
    i.__NVIC_SetPriority                     0x080030e6   Section        0  stm32f3xx_hal_cortex.o(i.__NVIC_SetPriority)
    __NVIC_SetPriority                       0x080030e7   Thumb Code    32  stm32f3xx_hal_cortex.o(i.__NVIC_SetPriority)
    i._is_digit                              0x08003106   Section        0  __printf_wp.o(i._is_digit)
    i.main                                   0x08003114   Section        0  main.o(i.main)
    locale$$code                             0x08003370   Section       44  lc_ctype_c.o(locale$$code)
    x$fpl$dfix                               0x0800339c   Section       94  dfix.o(x$fpl$dfix)
    $v0                                      0x0800339c   Number         0  dfix.o(x$fpl$dfix)
    x$fpl$dfltu                              0x080033fa   Section       38  dflt_clz.o(x$fpl$dfltu)
    $v0                                      0x080033fa   Number         0  dflt_clz.o(x$fpl$dfltu)
    x$fpl$dmul                               0x08003420   Section      340  dmul.o(x$fpl$dmul)
    $v0                                      0x08003420   Number         0  dmul.o(x$fpl$dmul)
    x$fpl$dnaninf                            0x08003574   Section      156  dnaninf.o(x$fpl$dnaninf)
    $v0                                      0x08003574   Number         0  dnaninf.o(x$fpl$dnaninf)
    x$fpl$dretinf                            0x08003610   Section       12  dretinf.o(x$fpl$dretinf)
    $v0                                      0x08003610   Number         0  dretinf.o(x$fpl$dretinf)
    x$fpl$fpinit                             0x0800361c   Section       10  fpinit.o(x$fpl$fpinit)
    $v0                                      0x0800361c   Number         0  fpinit.o(x$fpl$fpinit)
    .constdata                               0x08003626   Section       32  stm32f3xx_hal_rcc.o(.constdata)
    x$fpl$usenofp                            0x08003626   Section        0  usenofp.o(x$fpl$usenofp)
    aPLLMULFactorTable                       0x08003626   Data          16  stm32f3xx_hal_rcc.o(.constdata)
    aPredivFactorTable                       0x08003636   Data          16  stm32f3xx_hal_rcc.o(.constdata)
    .constdata                               0x08003646   Section       16  system_stm32f3xx.o(.constdata)
    .constdata                               0x08003656   Section        8  system_stm32f3xx.o(.constdata)
    .constdata                               0x08003660   Section        8  _printf_wctomb.o(.constdata)
    initial_mbstate                          0x08003660   Data           8  _printf_wctomb.o(.constdata)
    .constdata                               0x08003668   Section       40  _printf_hex_int.o(.constdata)
    uc_hextab                                0x08003668   Data          20  _printf_hex_int.o(.constdata)
    lc_hextab                                0x0800367c   Data          20  _printf_hex_int.o(.constdata)
    .constdata                               0x08003690   Section       17  __printf_flags_ss_wp.o(.constdata)
    maptable                                 0x08003690   Data          17  __printf_flags_ss_wp.o(.constdata)
    locale$$data                             0x080036c4   Section      272  lc_ctype_c.o(locale$$data)
    __lcctype_c_name                         0x080036c8   Data           2  lc_ctype_c.o(locale$$data)
    __lcctype_c_start                        0x080036d0   Data           0  lc_ctype_c.o(locale$$data)
    __lcctype_c_end                          0x080037d4   Data           0  lc_ctype_c.o(locale$$data)
    .data                                    0x20000000   Section       12  stm32f3xx_hal.o(.data)
    .data                                    0x2000000c   Section        4  system_stm32f3xx.o(.data)
    .bss                                     0x20000010   Section      356  main.o(.bss)
    .bss                                     0x20000174   Section       96  libspace.o(.bss)
    HEAP                                     0x200001d8   Section      512  startup_stm32f303x8.o(HEAP)
    Heap_Mem                                 0x200001d8   Data         512  startup_stm32f303x8.o(HEAP)
    STACK                                    0x200003d8   Section     1024  startup_stm32f303x8.o(STACK)
    Stack_Mem                                0x200003d8   Data        1024  startup_stm32f303x8.o(STACK)
    __initial_sp                             0x200007d8   Data           0  startup_stm32f303x8.o(STACK)

    Global Symbols

    Symbol Name                              Value     Ov Type        Size  Object(Section)

    BuildAttributes$$THM_ISAv4$E$P$D$K$B$S$7EM$VFPi3$EXTD16$VFPS$VFMA$PE$A:L22UL41UL21$X:L11$S22US41US21$IEEE1$IW$USESV6$~STKCKD$USESV7$~SHL$OSPACE$ROPI$EBA8$UX$STANDARDLIB$REQ8$PRES8$EABIv2 0x00000000   Number         0  anon$$obj.o ABSOLUTE
    __ARM_use_no_argv                        0x00000000   Number         0  main.o ABSOLUTE
    _printf_flags                            0x00000000   Number         0  printf_stubs.o ABSOLUTE
    _printf_return_value                     0x00000000   Number         0  printf_stubs.o ABSOLUTE
    _printf_sizespec                         0x00000000   Number         0  printf_stubs.o ABSOLUTE
    _printf_widthprec                        0x00000000   Number         0  printf_stubs.o ABSOLUTE
    __ARM_exceptions_init                     - Undefined Weak Reference
    __alloca_initialize                       - Undefined Weak Reference
    __arm_fini_                               - Undefined Weak Reference
    __arm_preinit_                            - Undefined Weak Reference
    __cpp_initialize__aeabi_                  - Undefined Weak Reference
    __cxa_finalize                            - Undefined Weak Reference
    __sigvec_lookup                           - Undefined Weak Reference
    _atexit_init                              - Undefined Weak Reference
    _call_atexit_fns                          - Undefined Weak Reference
    _clock_init                               - Undefined Weak Reference
    _fp_trap_init                             - Undefined Weak Reference
    _fp_trap_shutdown                         - Undefined Weak Reference
    _get_lc_collate                           - Undefined Weak Reference
    _get_lc_monetary                          - Undefined Weak Reference
    _get_lc_numeric                           - Undefined Weak Reference
    _get_lc_time                              - Undefined Weak Reference
    _getenv_init                              - Undefined Weak Reference
    _handle_redirection                       - Undefined Weak Reference
    _init_alloc                               - Undefined Weak Reference
    _init_user_alloc                          - Undefined Weak Reference
    _initio                                   - Undefined Weak Reference
    _printf_mbtowc                            - Undefined Weak Reference
    _printf_wc                                - Undefined Weak Reference
    _rand_init                                - Undefined Weak Reference
    _signal_finish                            - Undefined Weak Reference
    _signal_init                              - Undefined Weak Reference
    _terminate_alloc                          - Undefined Weak Reference
    _terminate_user_alloc                     - Undefined Weak Reference
    _terminateio                              - Undefined Weak Reference
    __Vectors_Size                           0x00000188   Number         0  startup_stm32f303x8.o ABSOLUTE
    __Vectors                                0x08000000   Data           4  startup_stm32f303x8.o(RESET)
    __Vectors_End                            0x08000188   Data           0  startup_stm32f303x8.o(RESET)
    __main                                   0x08000189   Thumb Code     8  __main.o(!!!main)
    __scatterload                            0x08000191   Thumb Code     0  __scatter.o(!!!scatter)
    __scatterload_rt2                        0x08000191   Thumb Code    44  __scatter.o(!!!scatter)
    __scatterload_rt2_thumb_only             0x08000191   Thumb Code     0  __scatter.o(!!!scatter)
    __scatterload_null                       0x0800019f   Thumb Code     0  __scatter.o(!!!scatter)
    __scatterload_copy                       0x080001c5   Thumb Code    26  __scatter_copy.o(!!handler_copy)
    __scatterload_zeroinit                   0x080001e1   Thumb Code    28  __scatter_zi.o(!!handler_zi)
    _printf_i                                0x080001fd   Thumb Code     0  _printf_i.o(.ARM.Collect$$_printf_percent$$00000008)
    _printf_percent                          0x080001fd   Thumb Code     0  _printf_percent.o(.ARM.Collect$$_printf_percent$$00000000)
    _printf_d                                0x08000203   Thumb Code     0  _printf_d.o(.ARM.Collect$$_printf_percent$$00000009)
    _printf_u                                0x08000209   Thumb Code     0  _printf_u.o(.ARM.Collect$$_printf_percent$$0000000A)
    _printf_o                                0x0800020f   Thumb Code     0  _printf_o.o(.ARM.Collect$$_printf_percent$$0000000B)
    _printf_x                                0x08000215   Thumb Code     0  _printf_x.o(.ARM.Collect$$_printf_percent$$0000000C)
    _printf_l                                0x0800021b   Thumb Code     0  _printf_l.o(.ARM.Collect$$_printf_percent$$00000012)
    _printf_c                                0x08000225   Thumb Code     0  _printf_c.o(.ARM.Collect$$_printf_percent$$00000013)
    _printf_lc                               0x0800022b   Thumb Code     0  _printf_lc.o(.ARM.Collect$$_printf_percent$$00000015)
    _printf_percent_end                      0x08000231   Thumb Code     0  _printf_percent_end.o(.ARM.Collect$$_printf_percent$$00000017)
    __rt_lib_init                            0x08000235   Thumb Code     0  libinit.o(.ARM.Collect$$libinit$$00000000)
    __rt_lib_init_fp_1                       0x08000237   Thumb Code     0  libinit2.o(.ARM.Collect$$libinit$$00000001)
    __rt_lib_init_heap_1                     0x0800023b   Thumb Code     0  libinit2.o(.ARM.Collect$$libinit$$0000000A)
    __rt_lib_init_lc_common                  0x0800023b   Thumb Code     0  libinit2.o(.ARM.Collect$$libinit$$0000000F)
    __rt_lib_init_preinit_1                  0x0800023b   Thumb Code     0  libinit2.o(.ARM.Collect$$libinit$$00000004)
    __rt_lib_init_rand_1                     0x0800023b   Thumb Code     0  libinit2.o(.ARM.Collect$$libinit$$0000000E)
    __rt_lib_init_user_alloc_1               0x0800023b   Thumb Code     0  libinit2.o(.ARM.Collect$$libinit$$0000000C)
    __rt_lib_init_lc_collate_1               0x08000241   Thumb Code     0  libinit2.o(.ARM.Collect$$libinit$$00000011)
    __rt_lib_init_lc_ctype_2                 0x08000241   Thumb Code     0  libinit2.o(.ARM.Collect$$libinit$$00000012)
    __rt_lib_init_alloca_1                   0x0800024d   Thumb Code     0  libinit2.o(.ARM.Collect$$libinit$$0000002E)
    __rt_lib_init_argv_1                     0x0800024d   Thumb Code     0  libinit2.o(.ARM.Collect$$libinit$$0000002C)
    __rt_lib_init_atexit_1                   0x0800024d   Thumb Code     0  libinit2.o(.ARM.Collect$$libinit$$0000001B)
    __rt_lib_init_clock_1                    0x0800024d   Thumb Code     0  libinit2.o(.ARM.Collect$$libinit$$00000021)
    __rt_lib_init_cpp_1                      0x0800024d   Thumb Code     0  libinit2.o(.ARM.Collect$$libinit$$00000032)
    __rt_lib_init_exceptions_1               0x0800024d   Thumb Code     0  libinit2.o(.ARM.Collect$$libinit$$00000030)
    __rt_lib_init_fp_trap_1                  0x0800024d   Thumb Code     0  libinit2.o(.ARM.Collect$$libinit$$0000001F)
    __rt_lib_init_getenv_1                   0x0800024d   Thumb Code     0  libinit2.o(.ARM.Collect$$libinit$$00000023)
    __rt_lib_init_lc_ctype_1                 0x0800024d   Thumb Code     0  libinit2.o(.ARM.Collect$$libinit$$00000013)
    __rt_lib_init_lc_monetary_1              0x0800024d   Thumb Code     0  libinit2.o(.ARM.Collect$$libinit$$00000015)
    __rt_lib_init_lc_numeric_1               0x0800024d   Thumb Code     0  libinit2.o(.ARM.Collect$$libinit$$00000017)
    __rt_lib_init_lc_time_1                  0x0800024d   Thumb Code     0  libinit2.o(.ARM.Collect$$libinit$$00000019)
    __rt_lib_init_return                     0x0800024d   Thumb Code     0  libinit2.o(.ARM.Collect$$libinit$$00000033)
    __rt_lib_init_signal_1                   0x0800024d   Thumb Code     0  libinit2.o(.ARM.Collect$$libinit$$0000001D)
    __rt_lib_init_stdio_1                    0x0800024d   Thumb Code     0  libinit2.o(.ARM.Collect$$libinit$$00000025)
    __rt_lib_shutdown                        0x0800024f   Thumb Code     0  libshutdown.o(.ARM.Collect$$libshutdown$$00000000)
    __rt_lib_shutdown_cpp_1                  0x08000251   Thumb Code     0  libshutdown2.o(.ARM.Collect$$libshutdown$$00000004)
    __rt_lib_shutdown_fini_1                 0x08000251   Thumb Code     0  libshutdown2.o(.ARM.Collect$$libshutdown$$00000002)
    __rt_lib_shutdown_fp_trap_1              0x08000251   Thumb Code     0  libshutdown2.o(.ARM.Collect$$libshutdown$$00000009)
    __rt_lib_shutdown_heap_1                 0x08000251   Thumb Code     0  libshutdown2.o(.ARM.Collect$$libshutdown$$00000011)
    __rt_lib_shutdown_return                 0x08000251   Thumb Code     0  libshutdown2.o(.ARM.Collect$$libshutdown$$00000012)
    __rt_lib_shutdown_signal_1               0x08000251   Thumb Code     0  libshutdown2.o(.ARM.Collect$$libshutdown$$0000000C)
    __rt_lib_shutdown_stdio_1                0x08000251   Thumb Code     0  libshutdown2.o(.ARM.Collect$$libshutdown$$00000006)
    __rt_lib_shutdown_user_alloc_1           0x08000251   Thumb Code     0  libshutdown2.o(.ARM.Collect$$libshutdown$$0000000E)
    __rt_entry                               0x08000253   Thumb Code     0  __rtentry.o(.ARM.Collect$$rtentry$$00000000)
    __rt_entry_presh_1                       0x08000253   Thumb Code     0  __rtentry2.o(.ARM.Collect$$rtentry$$00000002)
    __rt_entry_sh                            0x08000253   Thumb Code     0  __rtentry4.o(.ARM.Collect$$rtentry$$00000004)
    __rt_entry_li                            0x08000259   Thumb Code     0  __rtentry2.o(.ARM.Collect$$rtentry$$0000000A)
    __rt_entry_postsh_1                      0x08000259   Thumb Code     0  __rtentry2.o(.ARM.Collect$$rtentry$$00000009)
    __rt_entry_main                          0x0800025d   Thumb Code     0  __rtentry2.o(.ARM.Collect$$rtentry$$0000000D)
    __rt_entry_postli_1                      0x0800025d   Thumb Code     0  __rtentry2.o(.ARM.Collect$$rtentry$$0000000C)
    __rt_exit                                0x08000265   Thumb Code     0  rtexit.o(.ARM.Collect$$rtexit$$00000000)
    __rt_exit_ls                             0x08000267   Thumb Code     0  rtexit2.o(.ARM.Collect$$rtexit$$00000003)
    __rt_exit_prels_1                        0x08000267   Thumb Code     0  rtexit2.o(.ARM.Collect$$rtexit$$00000002)
    __rt_exit_exit                           0x0800026b   Thumb Code     0  rtexit2.o(.ARM.Collect$$rtexit$$00000004)
    Reset_Handler                            0x08000271   Thumb Code     8  startup_stm32f303x8.o(.text)
    ADC1_2_IRQHandler                        0x0800028b   Thumb Code     0  startup_stm32f303x8.o(.text)
    CAN_RX0_IRQHandler                       0x0800028b   Thumb Code     0  startup_stm32f303x8.o(.text)
    CAN_RX1_IRQHandler                       0x0800028b   Thumb Code     0  startup_stm32f303x8.o(.text)
    CAN_SCE_IRQHandler                       0x0800028b   Thumb Code     0  startup_stm32f303x8.o(.text)
    CAN_TX_IRQHandler                        0x0800028b   Thumb Code     0  startup_stm32f303x8.o(.text)
    COMP2_IRQHandler                         0x0800028b   Thumb Code     0  startup_stm32f303x8.o(.text)
    COMP4_6_IRQHandler                       0x0800028b   Thumb Code     0  startup_stm32f303x8.o(.text)
    DMA1_Channel1_IRQHandler                 0x0800028b   Thumb Code     0  startup_stm32f303x8.o(.text)
    DMA1_Channel2_IRQHandler                 0x0800028b   Thumb Code     0  startup_stm32f303x8.o(.text)
    DMA1_Channel3_IRQHandler                 0x0800028b   Thumb Code     0  startup_stm32f303x8.o(.text)
    DMA1_Channel4_IRQHandler                 0x0800028b   Thumb Code     0  startup_stm32f303x8.o(.text)
    DMA1_Channel5_IRQHandler                 0x0800028b   Thumb Code     0  startup_stm32f303x8.o(.text)
    DMA1_Channel6_IRQHandler                 0x0800028b   Thumb Code     0  startup_stm32f303x8.o(.text)
    DMA1_Channel7_IRQHandler                 0x0800028b   Thumb Code     0  startup_stm32f303x8.o(.text)
    EXTI0_IRQHandler                         0x0800028b   Thumb Code     0  startup_stm32f303x8.o(.text)
    EXTI15_10_IRQHandler                     0x0800028b   Thumb Code     0  startup_stm32f303x8.o(.text)
    EXTI1_IRQHandler                         0x0800028b   Thumb Code     0  startup_stm32f303x8.o(.text)
    EXTI2_TSC_IRQHandler                     0x0800028b   Thumb Code     0  startup_stm32f303x8.o(.text)
    EXTI3_IRQHandler                         0x0800028b   Thumb Code     0  startup_stm32f303x8.o(.text)
    EXTI4_IRQHandler                         0x0800028b   Thumb Code     0  startup_stm32f303x8.o(.text)
    EXTI9_5_IRQHandler                       0x0800028b   Thumb Code     0  startup_stm32f303x8.o(.text)
    FLASH_IRQHandler                         0x0800028b   Thumb Code     0  startup_stm32f303x8.o(.text)
    FPU_IRQHandler                           0x0800028b   Thumb Code     0  startup_stm32f303x8.o(.text)
    PVD_IRQHandler                           0x0800028b   Thumb Code     0  startup_stm32f303x8.o(.text)
    RCC_IRQHandler                           0x0800028b   Thumb Code     0  startup_stm32f303x8.o(.text)
    RTC_Alarm_IRQHandler                     0x0800028b   Thumb Code     0  startup_stm32f303x8.o(.text)
    RTC_WKUP_IRQHandler                      0x0800028b   Thumb Code     0  startup_stm32f303x8.o(.text)
    SPI1_IRQHandler                          0x0800028b   Thumb Code     0  startup_stm32f303x8.o(.text)
    TAMP_STAMP_IRQHandler                    0x0800028b   Thumb Code     0  startup_stm32f303x8.o(.text)
    TIM1_BRK_TIM15_IRQHandler                0x0800028b   Thumb Code     0  startup_stm32f303x8.o(.text)
    TIM1_CC_IRQHandler                       0x0800028b   Thumb Code     0  startup_stm32f303x8.o(.text)
    TIM1_TRG_COM_TIM17_IRQHandler            0x0800028b   Thumb Code     0  startup_stm32f303x8.o(.text)
    TIM1_UP_TIM16_IRQHandler                 0x0800028b   Thumb Code     0  startup_stm32f303x8.o(.text)
    TIM2_IRQHandler                          0x0800028b   Thumb Code     0  startup_stm32f303x8.o(.text)
    TIM3_IRQHandler                          0x0800028b   Thumb Code     0  startup_stm32f303x8.o(.text)
    TIM6_DAC1_IRQHandler                     0x0800028b   Thumb Code     0  startup_stm32f303x8.o(.text)
    TIM7_DAC2_IRQHandler                     0x0800028b   Thumb Code     0  startup_stm32f303x8.o(.text)
    USART2_IRQHandler                        0x0800028b   Thumb Code     0  startup_stm32f303x8.o(.text)
    USART3_IRQHandler                        0x0800028b   Thumb Code     0  startup_stm32f303x8.o(.text)
    WWDG_IRQHandler                          0x0800028b   Thumb Code     0  startup_stm32f303x8.o(.text)
    __user_initial_stackheap                 0x0800028d   Thumb Code     0  startup_stm32f303x8.o(.text)
    __aeabi_uldivmod                         0x080002b1   Thumb Code     0  lludivv7m.o(.text)
    _ll_udiv                                 0x080002b1   Thumb Code   238  lludivv7m.o(.text)
    __2sprintf                               0x080003a1   Thumb Code    34  noretval__2sprintf.o(.text)
    _printf_pre_padding                      0x080003c9   Thumb Code    44  _printf_pad.o(.text)
    _printf_post_padding                     0x080003f5   Thumb Code    34  _printf_pad.o(.text)
    _printf_truncate_signed                  0x08000417   Thumb Code    18  _printf_truncate.o(.text)
    _printf_truncate_unsigned                0x08000429   Thumb Code    18  _printf_truncate.o(.text)
    _printf_str                              0x0800043b   Thumb Code    82  _printf_str.o(.text)
    _printf_int_dec                          0x0800048d   Thumb Code   104  _printf_dec.o(.text)
    _printf_wctomb                           0x08000505   Thumb Code   182  _printf_wctomb.o(.text)
    _printf_int_oct                          0x080005c1   Thumb Code    72  _printf_oct_int.o(.text)
    _printf_longlong_oct                     0x080005c1   Thumb Code     0  _printf_oct_int.o(.text)
    _printf_int_hex                          0x08000611   Thumb Code    84  _printf_hex_int.o(.text)
    _printf_longlong_hex                     0x08000611   Thumb Code     0  _printf_hex_int.o(.text)
    __printf                                 0x08000669   Thumb Code   388  __printf_flags_ss_wp.o(.text)
    __aeabi_memclr4                          0x080007f1   Thumb Code     0  rt_memclr_w.o(.text)
    __aeabi_memclr8                          0x080007f1   Thumb Code     0  rt_memclr_w.o(.text)
    __rt_memclr_w                            0x080007f1   Thumb Code    78  rt_memclr_w.o(.text)
    _memset_w                                0x080007f5   Thumb Code     0  rt_memclr_w.o(.text)
    __use_two_region_memory                  0x0800083f   Thumb Code     2  heapauxi.o(.text)
    __rt_heap_escrow$2region                 0x08000841   Thumb Code     2  heapauxi.o(.text)
    __rt_heap_expand$2region                 0x08000843   Thumb Code     2  heapauxi.o(.text)
    _printf_int_common                       0x08000845   Thumb Code   178  _printf_intcommon.o(.text)
    _printf_char_common                      0x08000903   Thumb Code    32  _printf_char_common.o(.text)
    _sputc                                   0x08000929   Thumb Code    10  _sputc.o(.text)
    _printf_cs_common                        0x08000933   Thumb Code    20  _printf_char.o(.text)
    _printf_char                             0x08000947   Thumb Code    16  _printf_char.o(.text)
    _printf_string                           0x08000957   Thumb Code     8  _printf_char.o(.text)
    _printf_lcs_common                       0x0800095f   Thumb Code    20  _printf_wchar.o(.text)
    _printf_wchar                            0x08000973   Thumb Code    16  _printf_wchar.o(.text)
    _printf_wstring                          0x08000983   Thumb Code     8  _printf_wchar.o(.text)
    _wcrtomb                                 0x0800098b   Thumb Code    64  _wcrtomb.o(.text)
    __rt_ctype_table                         0x080009cd   Thumb Code    16  rt_ctype_table.o(.text)
    __user_setup_stackheap                   0x080009dd   Thumb Code    74  sys_stackheap_outer.o(.text)
    __rt_locale                              0x08000a29   Thumb Code     8  rt_locale_intlibspace.o(.text)
    exit                                     0x08000a31   Thumb Code    18  exit.o(.text)
    __user_libspace                          0x08000a45   Thumb Code     8  libspace.o(.text)
    __user_perproc_libspace                  0x08000a45   Thumb Code     0  libspace.o(.text)
    __user_perthread_libspace                0x08000a45   Thumb Code     0  libspace.o(.text)
    strcmp                                   0x08000a4d   Thumb Code   128  strcmpv7m.o(.text)
    _sys_exit                                0x08000acd   Thumb Code     8  sys_exit.o(.text)
    __I$use$semihosting                      0x08000ad9   Thumb Code     0  use_no_semi.o(.text)
    __use_no_semihosting_swi                 0x08000ad9   Thumb Code     2  use_no_semi.o(.text)
    BusFault_Handler                         0x08000adb   Thumb Code     2  stm32f3xx_it.o(i.BusFault_Handler)
    __semihosting_library_function           0x08000adb   Thumb Code     0  indicate_semi.o(.text)
    DebugMon_Handler                         0x08000add   Thumb Code     2  stm32f3xx_it.o(i.DebugMon_Handler)
    HAL_DMA_Abort                            0x08000adf   Thumb Code    70  stm32f3xx_hal_dma.o(i.HAL_DMA_Abort)
    HAL_DMA_Abort_IT                         0x08000b25   Thumb Code    74  stm32f3xx_hal_dma.o(i.HAL_DMA_Abort_IT)
    HAL_DMA_GetState                         0x08000b6f   Thumb Code     6  stm32f3xx_hal_dma.o(i.HAL_DMA_GetState)
    HAL_Delay                                0x08000b75   Thumb Code    32  stm32f3xx_hal.o(i.HAL_Delay)
    HAL_GPIO_Init                            0x08000b99   Thumb Code   518  stm32f3xx_hal_gpio.o(i.HAL_GPIO_Init)
    HAL_GPIO_TogglePin                       0x08000db9   Thumb Code    16  stm32f3xx_hal_gpio.o(i.HAL_GPIO_TogglePin)
    HAL_GPIO_WritePin                        0x08000dc9   Thumb Code    10  stm32f3xx_hal_gpio.o(i.HAL_GPIO_WritePin)
    HAL_GetTick                              0x08000dd5   Thumb Code     6  stm32f3xx_hal.o(i.HAL_GetTick)
    HAL_I2CEx_ConfigAnalogFilter             0x08000de1   Thumb Code    86  stm32f3xx_hal_i2c_ex.o(i.HAL_I2CEx_ConfigAnalogFilter)
    HAL_I2CEx_ConfigDigitalFilter            0x08000e37   Thumb Code    82  stm32f3xx_hal_i2c_ex.o(i.HAL_I2CEx_ConfigDigitalFilter)
    HAL_I2C_AbortCpltCallback                0x08000e89   Thumb Code     2  stm32f3xx_hal_i2c.o(i.HAL_I2C_AbortCpltCallback)
    HAL_I2C_AddrCallback                     0x08000e8b   Thumb Code     2  stm32f3xx_hal_i2c.o(i.HAL_I2C_AddrCallback)
    HAL_I2C_ER_IRQHandler                    0x08000e8d   Thumb Code   104  stm32f3xx_hal_i2c.o(i.HAL_I2C_ER_IRQHandler)
    HAL_I2C_EV_IRQHandler                    0x08000ef5   Thumb Code    16  stm32f3xx_hal_i2c.o(i.HAL_I2C_EV_IRQHandler)
    HAL_I2C_ErrorCallback                    0x08000f05   Thumb Code     2  stm32f3xx_hal_i2c.o(i.HAL_I2C_ErrorCallback)
    HAL_I2C_Init                             0x08000f09   Thumb Code   178  stm32f3xx_hal_i2c.o(i.HAL_I2C_Init)
    HAL_I2C_IsDeviceReady                    0x08000fc1   Thumb Code   282  stm32f3xx_hal_i2c.o(i.HAL_I2C_IsDeviceReady)
    HAL_I2C_ListenCpltCallback               0x080010ed   Thumb Code     2  stm32f3xx_hal_i2c.o(i.HAL_I2C_ListenCpltCallback)
    HAL_I2C_Master_Receive                   0x080010f1   Thumb Code   282  stm32f3xx_hal_i2c.o(i.HAL_I2C_Master_Receive)
    HAL_I2C_Master_Transmit                  0x08001215   Thumb Code   282  stm32f3xx_hal_i2c.o(i.HAL_I2C_Master_Transmit)
    HAL_I2C_MspInit                          0x08001339   Thumb Code   120  stm32f3xx_hal_msp.o(i.HAL_I2C_MspInit)
    HAL_I2C_SlaveRxCpltCallback              0x080013bd   Thumb Code     2  stm32f3xx_hal_i2c.o(i.HAL_I2C_SlaveRxCpltCallback)
    HAL_I2C_SlaveTxCpltCallback              0x080013bf   Thumb Code     2  stm32f3xx_hal_i2c.o(i.HAL_I2C_SlaveTxCpltCallback)
    HAL_IncTick                              0x080013c1   Thumb Code    12  stm32f3xx_hal.o(i.HAL_IncTick)
    HAL_Init                                 0x080013d1   Thumb Code    32  stm32f3xx_hal.o(i.HAL_Init)
    HAL_InitTick                             0x080013f5   Thumb Code    54  stm32f3xx_hal.o(i.HAL_InitTick)
    HAL_MspInit                              0x08001435   Thumb Code    38  stm32f3xx_hal_msp.o(i.HAL_MspInit)
    HAL_NVIC_EnableIRQ                       0x08001461   Thumb Code    26  stm32f3xx_hal_cortex.o(i.HAL_NVIC_EnableIRQ)
    HAL_NVIC_SetPriority                     0x0800147d   Thumb Code    60  stm32f3xx_hal_cortex.o(i.HAL_NVIC_SetPriority)
    HAL_NVIC_SetPriorityGrouping             0x080014bd   Thumb Code    26  stm32f3xx_hal_cortex.o(i.HAL_NVIC_SetPriorityGrouping)
    HAL_RCCEx_PeriphCLKConfig                0x080014e1   Thumb Code   360  stm32f3xx_hal_rcc_ex.o(i.HAL_RCCEx_PeriphCLKConfig)
    HAL_RCC_ClockConfig                      0x08001655   Thumb Code   308  stm32f3xx_hal_rcc.o(i.HAL_RCC_ClockConfig)
    HAL_RCC_GetPCLK1Freq                     0x0800179d   Thumb Code    34  stm32f3xx_hal_rcc.o(i.HAL_RCC_GetPCLK1Freq)
    HAL_RCC_GetPCLK2Freq                     0x080017cd   Thumb Code    34  stm32f3xx_hal_rcc.o(i.HAL_RCC_GetPCLK2Freq)
    HAL_RCC_GetSysClockFreq                  0x080017fd   Thumb Code    92  stm32f3xx_hal_rcc.o(i.HAL_RCC_GetSysClockFreq)
    HAL_RCC_OscConfig                        0x08001869   Thumb Code  1480  stm32f3xx_hal_rcc.o(i.HAL_RCC_OscConfig)
    HAL_SYSTICK_Config                       0x08001e31   Thumb Code    40  stm32f3xx_hal_cortex.o(i.HAL_SYSTICK_Config)
    HAL_UARTEx_RxEventCallback               0x08001e59   Thumb Code     2  stm32f3xx_hal_uart.o(i.HAL_UARTEx_RxEventCallback)
    HAL_UARTEx_WakeupCallback                0x08001e5b   Thumb Code     2  stm32f3xx_hal_uart_ex.o(i.HAL_UARTEx_WakeupCallback)
    HAL_UART_ErrorCallback                   0x08001e5d   Thumb Code     2  stm32f3xx_hal_uart.o(i.HAL_UART_ErrorCallback)
    HAL_UART_IRQHandler                      0x08001e61   Thumb Code   686  stm32f3xx_hal_uart.o(i.HAL_UART_IRQHandler)
    HAL_UART_Init                            0x08002119   Thumb Code   102  stm32f3xx_hal_uart.o(i.HAL_UART_Init)
    HAL_UART_MspInit                         0x08002181   Thumb Code   166  stm32f3xx_hal_msp.o(i.HAL_UART_MspInit)
    HAL_UART_Transmit                        0x08002235   Thumb Code   164  stm32f3xx_hal_uart.o(i.HAL_UART_Transmit)
    HAL_UART_TxCpltCallback                  0x080022d9   Thumb Code     2  stm32f3xx_hal_uart.o(i.HAL_UART_TxCpltCallback)
    HardFault_Handler                        0x080022db   Thumb Code     2  stm32f3xx_it.o(i.HardFault_Handler)
    I2C1_ER_IRQHandler                       0x080022dd   Thumb Code     6  stm32f3xx_it.o(i.I2C1_ER_IRQHandler)
    I2C1_EV_IRQHandler                       0x080022e9   Thumb Code     6  stm32f3xx_it.o(i.I2C1_EV_IRQHandler)
    MemManage_Handler                        0x08002cb5   Thumb Code     2  stm32f3xx_it.o(i.MemManage_Handler)
    NMI_Handler                              0x08002cb7   Thumb Code     2  stm32f3xx_it.o(i.NMI_Handler)
    PendSV_Handler                           0x08002cb9   Thumb Code     2  stm32f3xx_it.o(i.PendSV_Handler)
    SVC_Handler                              0x08002cbb   Thumb Code     2  stm32f3xx_it.o(i.SVC_Handler)
    SysTick_Handler                          0x08002cbd   Thumb Code     4  stm32f3xx_it.o(i.SysTick_Handler)
    SystemClock_Config                       0x08002cc1   Thumb Code   108  main.o(i.SystemClock_Config)
    SystemInit                               0x08002d2d   Thumb Code    12  system_stm32f3xx.o(i.SystemInit)
    UART_AdvFeatureConfig                    0x08002d3d   Thumb Code   200  stm32f3xx_hal_uart.o(i.UART_AdvFeatureConfig)
    UART_CheckIdleState                      0x08002e05   Thumb Code   168  stm32f3xx_hal_uart.o(i.UART_CheckIdleState)
    UART_SetConfig                           0x08002f0d   Thumb Code   296  stm32f3xx_hal_uart.o(i.UART_SetConfig)
    UART_WaitOnFlagUntilTimeout              0x0800304d   Thumb Code   140  stm32f3xx_hal_uart.o(i.UART_WaitOnFlagUntilTimeout)
    USART1_IRQHandler                        0x080030d9   Thumb Code     6  stm32f3xx_it.o(i.USART1_IRQHandler)
    UsageFault_Handler                       0x080030e5   Thumb Code     2  stm32f3xx_it.o(i.UsageFault_Handler)
    _is_digit                                0x08003107   Thumb Code    14  __printf_wp.o(i._is_digit)
    main                                     0x08003115   Thumb Code   540  main.o(i.main)
    _get_lc_ctype                            0x08003371   Thumb Code    44  lc_ctype_c.o(locale$$code)
    __aeabi_d2iz                             0x0800339d   Thumb Code     0  dfix.o(x$fpl$dfix)
    _dfix                                    0x0800339d   Thumb Code    94  dfix.o(x$fpl$dfix)
    __aeabi_ui2d                             0x080033fb   Thumb Code     0  dflt_clz.o(x$fpl$dfltu)
    _dfltu                                   0x080033fb   Thumb Code    38  dflt_clz.o(x$fpl$dfltu)
    __aeabi_dmul                             0x08003421   Thumb Code     0  dmul.o(x$fpl$dmul)
    _dmul                                    0x08003421   Thumb Code   332  dmul.o(x$fpl$dmul)
    __fpl_dnaninf                            0x08003575   Thumb Code   156  dnaninf.o(x$fpl$dnaninf)
    __fpl_dretinf                            0x08003611   Thumb Code    12  dretinf.o(x$fpl$dretinf)
    _fp_init                                 0x0800361d   Thumb Code    10  fpinit.o(x$fpl$fpinit)
    __fplib_config_fpu_vfp                   0x08003625   Thumb Code     0  fpinit.o(x$fpl$fpinit)
    __fplib_config_pureend_doubles           0x08003625   Thumb Code     0  fpinit.o(x$fpl$fpinit)
    __I$use$fp                               0x08003626   Number         0  usenofp.o(x$fpl$usenofp)
    AHBPrescTable                            0x08003646   Data          16  system_stm32f3xx.o(.constdata)
    APBPrescTable                            0x08003656   Data           8  system_stm32f3xx.o(.constdata)
    Region$$Table$$Base                      0x080036a4   Number         0  anon$$obj.o(Region$$Table)
    Region$$Table$$Limit                     0x080036c4   Number         0  anon$$obj.o(Region$$Table)
    __ctype                                  0x080036d1   Data           0  lc_ctype_c.o(locale$$data)
    uwTickFreq                               0x20000000   Data           1  stm32f3xx_hal.o(.data)
    uwTickPrio                               0x20000004   Data           4  stm32f3xx_hal.o(.data)
    uwTick                                   0x20000008   Data           4  stm32f3xx_hal.o(.data)
    SystemCoreClock                          0x2000000c   Data           4  system_stm32f3xx.o(.data)
    hi2c1                                    0x20000010   Data          84  main.o(.bss)
    huart1                                   0x20000064   Data         136  main.o(.bss)
    huart2                                   0x200000ec   Data         136  main.o(.bss)
    __libspace_start                         0x20000174   Data          96  libspace.o(.bss)
    __temporary_stack_top$libspace           0x200001d4   Data           0  libspace.o(.bss)



==============================================================================

Memory Map of the image

  Image Entry point : 0x08000189

  Load Region LR_IROM1 (Base: 0x08000000, Size: 0x000037e4, Max: 0x00010000, ABSOLUTE)

    Execution Region ER_IROM1 (Exec base: 0x08000000, Load base: 0x08000000, Size: 0x000037d4, Max: 0x00010000, ABSOLUTE)

    Exec Addr    Load Addr    Size         Type   Attr      Idx    E Section Name        Object

    0x08000000   0x08000000   0x00000188   Data   RO            3    RESET               startup_stm32f303x8.o
    0x08000188   0x08000188   0x00000008   Code   RO         2462  * !!!main             c_w.l(__main.o)
    0x08000190   0x08000190   0x00000034   Code   RO         2676    !!!scatter          c_w.l(__scatter.o)
    0x080001c4   0x080001c4   0x0000001a   Code   RO         2678    !!handler_copy      c_w.l(__scatter_copy.o)
    0x080001de   0x080001de   0x00000002   PAD
    0x080001e0   0x080001e0   0x0000001c   Code   RO         2680    !!handler_zi        c_w.l(__scatter_zi.o)
    0x080001fc   0x080001fc   0x00000000   Code   RO         2456    .ARM.Collect$$_printf_percent$$00000000  c_w.l(_printf_percent.o)
    0x080001fc   0x080001fc   0x00000006   Code   RO         2453    .ARM.Collect$$_printf_percent$$00000008  c_w.l(_printf_i.o)
    0x08000202   0x08000202   0x00000006   Code   RO         2454    .ARM.Collect$$_printf_percent$$00000009  c_w.l(_printf_d.o)
    0x08000208   0x08000208   0x00000006   Code   RO         2455    .ARM.Collect$$_printf_percent$$0000000A  c_w.l(_printf_u.o)
    0x0800020e   0x0800020e   0x00000006   Code   RO         2452    .ARM.Collect$$_printf_percent$$0000000B  c_w.l(_printf_o.o)
    0x08000214   0x08000214   0x00000006   Code   RO         2451    .ARM.Collect$$_printf_percent$$0000000C  c_w.l(_printf_x.o)
    0x0800021a   0x0800021a   0x0000000a   Code   RO         2492    .ARM.Collect$$_printf_percent$$00000012  c_w.l(_printf_l.o)
    0x08000224   0x08000224   0x00000006   Code   RO         2450    .ARM.Collect$$_printf_percent$$00000013  c_w.l(_printf_c.o)
    0x0800022a   0x0800022a   0x00000006   Code   RO         2457    .ARM.Collect$$_printf_percent$$00000015  c_w.l(_printf_lc.o)
    0x08000230   0x08000230   0x00000004   Code   RO         2491    .ARM.Collect$$_printf_percent$$00000017  c_w.l(_printf_percent_end.o)
    0x08000234   0x08000234   0x00000002   Code   RO         2542    .ARM.Collect$$libinit$$00000000  c_w.l(libinit.o)
    0x08000236   0x08000236   0x00000004   Code   RO         2556    .ARM.Collect$$libinit$$00000001  c_w.l(libinit2.o)
    0x0800023a   0x0800023a   0x00000000   Code   RO         2559    .ARM.Collect$$libinit$$00000004  c_w.l(libinit2.o)
    0x0800023a   0x0800023a   0x00000000   Code   RO         2562    .ARM.Collect$$libinit$$0000000A  c_w.l(libinit2.o)
    0x0800023a   0x0800023a   0x00000000   Code   RO         2564    .ARM.Collect$$libinit$$0000000C  c_w.l(libinit2.o)
    0x0800023a   0x0800023a   0x00000000   Code   RO         2566    .ARM.Collect$$libinit$$0000000E  c_w.l(libinit2.o)
    0x0800023a   0x0800023a   0x00000006   Code   RO         2567    .ARM.Collect$$libinit$$0000000F  c_w.l(libinit2.o)
    0x08000240   0x08000240   0x00000000   Code   RO         2569    .ARM.Collect$$libinit$$00000011  c_w.l(libinit2.o)
    0x08000240   0x08000240   0x0000000c   Code   RO         2570    .ARM.Collect$$libinit$$00000012  c_w.l(libinit2.o)
    0x0800024c   0x0800024c   0x00000000   Code   RO         2571    .ARM.Collect$$libinit$$00000013  c_w.l(libinit2.o)
    0x0800024c   0x0800024c   0x00000000   Code   RO         2573    .ARM.Collect$$libinit$$00000015  c_w.l(libinit2.o)
    0x0800024c   0x0800024c   0x00000000   Code   RO         2575    .ARM.Collect$$libinit$$00000017  c_w.l(libinit2.o)
    0x0800024c   0x0800024c   0x00000000   Code   RO         2577    .ARM.Collect$$libinit$$00000019  c_w.l(libinit2.o)
    0x0800024c   0x0800024c   0x00000000   Code   RO         2579    .ARM.Collect$$libinit$$0000001B  c_w.l(libinit2.o)
    0x0800024c   0x0800024c   0x00000000   Code   RO         2581    .ARM.Collect$$libinit$$0000001D  c_w.l(libinit2.o)
    0x0800024c   0x0800024c   0x00000000   Code   RO         2583    .ARM.Collect$$libinit$$0000001F  c_w.l(libinit2.o)
    0x0800024c   0x0800024c   0x00000000   Code   RO         2585    .ARM.Collect$$libinit$$00000021  c_w.l(libinit2.o)
    0x0800024c   0x0800024c   0x00000000   Code   RO         2587    .ARM.Collect$$libinit$$00000023  c_w.l(libinit2.o)
    0x0800024c   0x0800024c   0x00000000   Code   RO         2589    .ARM.Collect$$libinit$$00000025  c_w.l(libinit2.o)
    0x0800024c   0x0800024c   0x00000000   Code   RO         2593    .ARM.Collect$$libinit$$0000002C  c_w.l(libinit2.o)
    0x0800024c   0x0800024c   0x00000000   Code   RO         2595    .ARM.Collect$$libinit$$0000002E  c_w.l(libinit2.o)
    0x0800024c   0x0800024c   0x00000000   Code   RO         2597    .ARM.Collect$$libinit$$00000030  c_w.l(libinit2.o)
    0x0800024c   0x0800024c   0x00000000   Code   RO         2599    .ARM.Collect$$libinit$$00000032  c_w.l(libinit2.o)
    0x0800024c   0x0800024c   0x00000002   Code   RO         2600    .ARM.Collect$$libinit$$00000033  c_w.l(libinit2.o)
    0x0800024e   0x0800024e   0x00000002   Code   RO         2631    .ARM.Collect$$libshutdown$$00000000  c_w.l(libshutdown.o)
    0x08000250   0x08000250   0x00000000   Code   RO         2657    .ARM.Collect$$libshutdown$$00000002  c_w.l(libshutdown2.o)
    0x08000250   0x08000250   0x00000000   Code   RO         2659    .ARM.Collect$$libshutdown$$00000004  c_w.l(libshutdown2.o)
    0x08000250   0x08000250   0x00000000   Code   RO         2661    .ARM.Collect$$libshutdown$$00000006  c_w.l(libshutdown2.o)
    0x08000250   0x08000250   0x00000000   Code   RO         2664    .ARM.Collect$$libshutdown$$00000009  c_w.l(libshutdown2.o)
    0x08000250   0x08000250   0x00000000   Code   RO         2667    .ARM.Collect$$libshutdown$$0000000C  c_w.l(libshutdown2.o)
    0x08000250   0x08000250   0x00000000   Code   RO         2669    .ARM.Collect$$libshutdown$$0000000E  c_w.l(libshutdown2.o)
    0x08000250   0x08000250   0x00000000   Code   RO         2672    .ARM.Collect$$libshutdown$$00000011  c_w.l(libshutdown2.o)
    0x08000250   0x08000250   0x00000002   Code   RO         2673    .ARM.Collect$$libshutdown$$00000012  c_w.l(libshutdown2.o)
    0x08000252   0x08000252   0x00000000   Code   RO         2476    .ARM.Collect$$rtentry$$00000000  c_w.l(__rtentry.o)
    0x08000252   0x08000252   0x00000000   Code   RO         2501    .ARM.Collect$$rtentry$$00000002  c_w.l(__rtentry2.o)
    0x08000252   0x08000252   0x00000006   Code   RO         2513    .ARM.Collect$$rtentry$$00000004  c_w.l(__rtentry4.o)
    0x08000258   0x08000258   0x00000000   Code   RO         2503    .ARM.Collect$$rtentry$$00000009  c_w.l(__rtentry2.o)
    0x08000258   0x08000258   0x00000004   Code   RO         2504    .ARM.Collect$$rtentry$$0000000A  c_w.l(__rtentry2.o)
    0x0800025c   0x0800025c   0x00000000   Code   RO         2506    .ARM.Collect$$rtentry$$0000000C  c_w.l(__rtentry2.o)
    0x0800025c   0x0800025c   0x00000008   Code   RO         2507    .ARM.Collect$$rtentry$$0000000D  c_w.l(__rtentry2.o)
    0x08000264   0x08000264   0x00000002   Code   RO         2546    .ARM.Collect$$rtexit$$00000000  c_w.l(rtexit.o)
    0x08000266   0x08000266   0x00000000   Code   RO         2604    .ARM.Collect$$rtexit$$00000002  c_w.l(rtexit2.o)
    0x08000266   0x08000266   0x00000004   Code   RO         2605    .ARM.Collect$$rtexit$$00000003  c_w.l(rtexit2.o)
    0x0800026a   0x0800026a   0x00000006   Code   RO         2606    .ARM.Collect$$rtexit$$00000004  c_w.l(rtexit2.o)
    0x08000270   0x08000270   0x00000040   Code   RO            4    .text               startup_stm32f303x8.o
    0x080002b0   0x080002b0   0x000000ee   Code   RO         2382    .text               c_w.l(lludivv7m.o)
    0x0800039e   0x0800039e   0x00000002   PAD
    0x080003a0   0x080003a0   0x00000028   Code   RO         2388    .text               c_w.l(noretval__2sprintf.o)
    0x080003c8   0x080003c8   0x0000004e   Code   RO         2392    .text               c_w.l(_printf_pad.o)
    0x08000416   0x08000416   0x00000024   Code   RO         2394    .text               c_w.l(_printf_truncate.o)
    0x0800043a   0x0800043a   0x00000052   Code   RO         2396    .text               c_w.l(_printf_str.o)
    0x0800048c   0x0800048c   0x00000078   Code   RO         2398    .text               c_w.l(_printf_dec.o)
    0x08000504   0x08000504   0x000000bc   Code   RO         2400    .text               c_w.l(_printf_wctomb.o)
    0x080005c0   0x080005c0   0x00000050   Code   RO         2405    .text               c_w.l(_printf_oct_int.o)
    0x08000610   0x08000610   0x00000058   Code   RO         2412    .text               c_w.l(_printf_hex_int.o)
    0x08000668   0x08000668   0x00000188   Code   RO         2447    .text               c_w.l(__printf_flags_ss_wp.o)
    0x080007f0   0x080007f0   0x0000004e   Code   RO         2458    .text               c_w.l(rt_memclr_w.o)
    0x0800083e   0x0800083e   0x00000006   Code   RO         2460    .text               c_w.l(heapauxi.o)
    0x08000844   0x08000844   0x000000b2   Code   RO         2481    .text               c_w.l(_printf_intcommon.o)
    0x080008f6   0x080008f6   0x00000002   PAD
    0x080008f8   0x080008f8   0x00000030   Code   RO         2483    .text               c_w.l(_printf_char_common.o)
    0x08000928   0x08000928   0x0000000a   Code   RO         2485    .text               c_w.l(_sputc.o)
    0x08000932   0x08000932   0x0000002c   Code   RO         2487    .text               c_w.l(_printf_char.o)
    0x0800095e   0x0800095e   0x0000002c   Code   RO         2489    .text               c_w.l(_printf_wchar.o)
    0x0800098a   0x0800098a   0x00000040   Code   RO         2493    .text               c_w.l(_wcrtomb.o)
    0x080009ca   0x080009ca   0x00000002   PAD
    0x080009cc   0x080009cc   0x00000010   Code   RO         2515    .text               c_w.l(rt_ctype_table.o)
    0x080009dc   0x080009dc   0x0000004a   Code   RO         2521    .text               c_w.l(sys_stackheap_outer.o)
    0x08000a26   0x08000a26   0x00000002   PAD
    0x08000a28   0x08000a28   0x00000008   Code   RO         2526    .text               c_w.l(rt_locale_intlibspace.o)
    0x08000a30   0x08000a30   0x00000012   Code   RO         2531    .text               c_w.l(exit.o)
    0x08000a42   0x08000a42   0x00000002   PAD
    0x08000a44   0x08000a44   0x00000008   Code   RO         2543    .text               c_w.l(libspace.o)
    0x08000a4c   0x08000a4c   0x00000080   Code   RO         2554    .text               c_w.l(strcmpv7m.o)
    0x08000acc   0x08000acc   0x0000000c   Code   RO         2601    .text               c_w.l(sys_exit.o)
    0x08000ad8   0x08000ad8   0x00000002   Code   RO         2620    .text               c_w.l(use_no_semi.o)
    0x08000ada   0x08000ada   0x00000000   Code   RO         2622    .text               c_w.l(indicate_semi.o)
    0x08000ada   0x08000ada   0x00000002   Code   RO          170    i.BusFault_Handler  stm32f3xx_it.o
    0x08000adc   0x08000adc   0x00000002   Code   RO          171    i.DebugMon_Handler  stm32f3xx_it.o
    0x08000ade   0x08000ade   0x00000046   Code   RO         1226    i.HAL_DMA_Abort     stm32f3xx_hal_dma.o
    0x08000b24   0x08000b24   0x0000004a   Code   RO         1227    i.HAL_DMA_Abort_IT  stm32f3xx_hal_dma.o
    0x08000b6e   0x08000b6e   0x00000006   Code   RO         1230    i.HAL_DMA_GetState  stm32f3xx_hal_dma.o
    0x08000b74   0x08000b74   0x00000024   Code   RO          845    i.HAL_Delay         stm32f3xx_hal.o
    0x08000b98   0x08000b98   0x00000220   Code   RO         1161    i.HAL_GPIO_Init     stm32f3xx_hal_gpio.o
    0x08000db8   0x08000db8   0x00000010   Code   RO         1164    i.HAL_GPIO_TogglePin  stm32f3xx_hal_gpio.o
    0x08000dc8   0x08000dc8   0x0000000a   Code   RO         1165    i.HAL_GPIO_WritePin  stm32f3xx_hal_gpio.o
    0x08000dd2   0x08000dd2   0x00000002   PAD
    0x08000dd4   0x08000dd4   0x0000000c   Code   RO          849    i.HAL_GetTick       stm32f3xx_hal.o
    0x08000de0   0x08000de0   0x00000056   Code   RO          784    i.HAL_I2CEx_ConfigAnalogFilter  stm32f3xx_hal_i2c_ex.o
    0x08000e36   0x08000e36   0x00000052   Code   RO          785    i.HAL_I2CEx_ConfigDigitalFilter  stm32f3xx_hal_i2c_ex.o
    0x08000e88   0x08000e88   0x00000002   Code   RO          312    i.HAL_I2C_AbortCpltCallback  stm32f3xx_hal_i2c.o
    0x08000e8a   0x08000e8a   0x00000002   Code   RO          313    i.HAL_I2C_AddrCallback  stm32f3xx_hal_i2c.o
    0x08000e8c   0x08000e8c   0x00000068   Code   RO          316    i.HAL_I2C_ER_IRQHandler  stm32f3xx_hal_i2c.o
    0x08000ef4   0x08000ef4   0x00000010   Code   RO          317    i.HAL_I2C_EV_IRQHandler  stm32f3xx_hal_i2c.o
    0x08000f04   0x08000f04   0x00000002   Code   RO          319    i.HAL_I2C_ErrorCallback  stm32f3xx_hal_i2c.o
    0x08000f06   0x08000f06   0x00000002   PAD
    0x08000f08   0x08000f08   0x000000b8   Code   RO          323    i.HAL_I2C_Init      stm32f3xx_hal_i2c.o
    0x08000fc0   0x08000fc0   0x0000012c   Code   RO          324    i.HAL_I2C_IsDeviceReady  stm32f3xx_hal_i2c.o
    0x080010ec   0x080010ec   0x00000002   Code   RO          325    i.HAL_I2C_ListenCpltCallback  stm32f3xx_hal_i2c.o
    0x080010ee   0x080010ee   0x00000002   PAD
    0x080010f0   0x080010f0   0x00000124   Code   RO          329    i.HAL_I2C_Master_Receive  stm32f3xx_hal_i2c.o
    0x08001214   0x08001214   0x00000124   Code   RO          336    i.HAL_I2C_Master_Transmit  stm32f3xx_hal_i2c.o
    0x08001338   0x08001338   0x00000084   Code   RO          265    i.HAL_I2C_MspInit   stm32f3xx_hal_msp.o
    0x080013bc   0x080013bc   0x00000002   Code   RO          349    i.HAL_I2C_SlaveRxCpltCallback  stm32f3xx_hal_i2c.o
    0x080013be   0x080013be   0x00000002   Code   RO          350    i.HAL_I2C_SlaveTxCpltCallback  stm32f3xx_hal_i2c.o
    0x080013c0   0x080013c0   0x00000010   Code   RO          855    i.HAL_IncTick       stm32f3xx_hal.o
    0x080013d0   0x080013d0   0x00000024   Code   RO          856    i.HAL_Init          stm32f3xx_hal.o
    0x080013f4   0x080013f4   0x00000040   Code   RO          857    i.HAL_InitTick      stm32f3xx_hal.o
    0x08001434   0x08001434   0x0000002c   Code   RO          266    i.HAL_MspInit       stm32f3xx_hal_msp.o
    0x08001460   0x08001460   0x0000001a   Code   RO         1326    i.HAL_NVIC_EnableIRQ  stm32f3xx_hal_cortex.o
    0x0800147a   0x0800147a   0x00000002   PAD
    0x0800147c   0x0800147c   0x00000040   Code   RO         1332    i.HAL_NVIC_SetPriority  stm32f3xx_hal_cortex.o
    0x080014bc   0x080014bc   0x00000024   Code   RO         1333    i.HAL_NVIC_SetPriorityGrouping  stm32f3xx_hal_cortex.o
    0x080014e0   0x080014e0   0x00000174   Code   RO         1118    i.HAL_RCCEx_PeriphCLKConfig  stm32f3xx_hal_rcc_ex.o
    0x08001654   0x08001654   0x00000148   Code   RO         1013    i.HAL_RCC_ClockConfig  stm32f3xx_hal_rcc.o
    0x0800179c   0x0800179c   0x00000030   Code   RO         1020    i.HAL_RCC_GetPCLK1Freq  stm32f3xx_hal_rcc.o
    0x080017cc   0x080017cc   0x00000030   Code   RO         1021    i.HAL_RCC_GetPCLK2Freq  stm32f3xx_hal_rcc.o
    0x080017fc   0x080017fc   0x0000006c   Code   RO         1022    i.HAL_RCC_GetSysClockFreq  stm32f3xx_hal_rcc.o
    0x08001868   0x08001868   0x000005c8   Code   RO         1025    i.HAL_RCC_OscConfig  stm32f3xx_hal_rcc.o
    0x08001e30   0x08001e30   0x00000028   Code   RO         1337    i.HAL_SYSTICK_Config  stm32f3xx_hal_cortex.o
    0x08001e58   0x08001e58   0x00000002   Code   RO         1884    i.HAL_UARTEx_RxEventCallback  stm32f3xx_hal_uart.o
    0x08001e5a   0x08001e5a   0x00000002   Code   RO         2276    i.HAL_UARTEx_WakeupCallback  stm32f3xx_hal_uart_ex.o
    0x08001e5c   0x08001e5c   0x00000002   Code   RO         1900    i.HAL_UART_ErrorCallback  stm32f3xx_hal_uart.o
    0x08001e5e   0x08001e5e   0x00000002   PAD
    0x08001e60   0x08001e60   0x000002b8   Code   RO         1903    i.HAL_UART_IRQHandler  stm32f3xx_hal_uart.o
    0x08002118   0x08002118   0x00000066   Code   RO         1904    i.HAL_UART_Init     stm32f3xx_hal_uart.o
    0x0800217e   0x0800217e   0x00000002   PAD
    0x08002180   0x08002180   0x000000b4   Code   RO          268    i.HAL_UART_MspInit  stm32f3xx_hal_msp.o
    0x08002234   0x08002234   0x000000a4   Code   RO         1913    i.HAL_UART_Transmit  stm32f3xx_hal_uart.o
    0x080022d8   0x080022d8   0x00000002   Code   RO         1916    i.HAL_UART_TxCpltCallback  stm32f3xx_hal_uart.o
    0x080022da   0x080022da   0x00000002   Code   RO          172    i.HardFault_Handler  stm32f3xx_it.o
    0x080022dc   0x080022dc   0x0000000c   Code   RO          173    i.I2C1_ER_IRQHandler  stm32f3xx_it.o
    0x080022e8   0x080022e8   0x0000000c   Code   RO          174    i.I2C1_EV_IRQHandler  stm32f3xx_it.o
    0x080022f4   0x080022f4   0x00000014   Code   RO          362    i.I2C_DMAAbort      stm32f3xx_hal_i2c.o
    0x08002308   0x08002308   0x0000005e   Code   RO          368    i.I2C_Disable_IRQ   stm32f3xx_hal_i2c.o
    0x08002366   0x08002366   0x00000022   Code   RO          370    i.I2C_Flush_TXDR    stm32f3xx_hal_i2c.o
    0x08002388   0x08002388   0x0000008c   Code   RO          371    i.I2C_ITAddrCplt    stm32f3xx_hal_i2c.o
    0x08002414   0x08002414   0x0000011c   Code   RO          372    i.I2C_ITError       stm32f3xx_hal_i2c.o
    0x08002530   0x08002530   0x00000064   Code   RO          373    i.I2C_ITListenCplt  stm32f3xx_hal_i2c.o
    0x08002594   0x08002594   0x00000130   Code   RO          376    i.I2C_ITSlaveCplt   stm32f3xx_hal_i2c.o
    0x080026c4   0x080026c4   0x00000072   Code   RO          377    i.I2C_ITSlaveSeqCplt  stm32f3xx_hal_i2c.o
    0x08002736   0x08002736   0x00000002   PAD
    0x08002738   0x08002738   0x0000010c   Code   RO          378    i.I2C_IsErrorOccurred  stm32f3xx_hal_i2c.o
    0x08002844   0x08002844   0x00000120   Code   RO          386    i.I2C_Slave_ISR_IT  stm32f3xx_hal_i2c.o
    0x08002964   0x08002964   0x00000030   Code   RO          387    i.I2C_TransferConfig  stm32f3xx_hal_i2c.o
    0x08002994   0x08002994   0x0000002a   Code   RO          388    i.I2C_TreatErrorCallback  stm32f3xx_hal_i2c.o
    0x080029be   0x080029be   0x0000006c   Code   RO          389    i.I2C_WaitOnFlagUntilTimeout  stm32f3xx_hal_i2c.o
    0x08002a2a   0x08002a2a   0x00000002   PAD
    0x08002a2c   0x08002a2c   0x000000a8   Code   RO          390    i.I2C_WaitOnRXNEFlagUntilTimeout  stm32f3xx_hal_i2c.o
    0x08002ad4   0x08002ad4   0x00000056   Code   RO          391    i.I2C_WaitOnSTOPFlagUntilTimeout  stm32f3xx_hal_i2c.o
    0x08002b2a   0x08002b2a   0x0000005a   Code   RO          392    i.I2C_WaitOnTXISFlagUntilTimeout  stm32f3xx_hal_i2c.o
    0x08002b84   0x08002b84   0x0000006c   Code   RO           14    i.MX_GPIO_Init      main.o
    0x08002bf0   0x08002bf0   0x00000054   Code   RO           15    i.MX_I2C1_Init      main.o
    0x08002c44   0x08002c44   0x00000038   Code   RO           16    i.MX_USART1_UART_Init  main.o
    0x08002c7c   0x08002c7c   0x00000038   Code   RO           17    i.MX_USART2_UART_Init  main.o
    0x08002cb4   0x08002cb4   0x00000002   Code   RO          175    i.MemManage_Handler  stm32f3xx_it.o
    0x08002cb6   0x08002cb6   0x00000002   Code   RO          176    i.NMI_Handler       stm32f3xx_it.o
    0x08002cb8   0x08002cb8   0x00000002   Code   RO          177    i.PendSV_Handler    stm32f3xx_it.o
    0x08002cba   0x08002cba   0x00000002   Code   RO          178    i.SVC_Handler       stm32f3xx_it.o
    0x08002cbc   0x08002cbc   0x00000004   Code   RO          179    i.SysTick_Handler   stm32f3xx_it.o
    0x08002cc0   0x08002cc0   0x0000006c   Code   RO           18    i.SystemClock_Config  main.o
    0x08002d2c   0x08002d2c   0x00000010   Code   RO         2346    i.SystemInit        system_stm32f3xx.o
    0x08002d3c   0x08002d3c   0x000000c8   Code   RO         1918    i.UART_AdvFeatureConfig  stm32f3xx_hal_uart.o
    0x08002e04   0x08002e04   0x000000a8   Code   RO         1919    i.UART_CheckIdleState  stm32f3xx_hal_uart.o
    0x08002eac   0x08002eac   0x00000014   Code   RO         1920    i.UART_DMAAbortOnError  stm32f3xx_hal_uart.o
    0x08002ec0   0x08002ec0   0x0000004c   Code   RO         1930    i.UART_EndRxTransfer  stm32f3xx_hal_uart.o
    0x08002f0c   0x08002f0c   0x00000140   Code   RO         1934    i.UART_SetConfig    stm32f3xx_hal_uart.o
    0x0800304c   0x0800304c   0x0000008c   Code   RO         1939    i.UART_WaitOnFlagUntilTimeout  stm32f3xx_hal_uart.o
    0x080030d8   0x080030d8   0x0000000c   Code   RO          180    i.USART1_IRQHandler  stm32f3xx_it.o
    0x080030e4   0x080030e4   0x00000002   Code   RO          181    i.UsageFault_Handler  stm32f3xx_it.o
    0x080030e6   0x080030e6   0x00000020   Code   RO         1339    i.__NVIC_SetPriority  stm32f3xx_hal_cortex.o
    0x08003106   0x08003106   0x0000000e   Code   RO         2440    i._is_digit         c_w.l(__printf_wp.o)
    0x08003114   0x08003114   0x0000025c   Code   RO           19    i.main              main.o
    0x08003370   0x08003370   0x0000002c   Code   RO         2529    locale$$code        c_w.l(lc_ctype_c.o)
    0x0800339c   0x0800339c   0x0000005e   Code   RO         2464    x$fpl$dfix          fz_wm.l(dfix.o)
    0x080033fa   0x080033fa   0x00000026   Code   RO         2468    x$fpl$dfltu         fz_wm.l(dflt_clz.o)
    0x08003420   0x08003420   0x00000154   Code   RO         2474    x$fpl$dmul          fz_wm.l(dmul.o)
    0x08003574   0x08003574   0x0000009c   Code   RO         2495    x$fpl$dnaninf       fz_wm.l(dnaninf.o)
    0x08003610   0x08003610   0x0000000c   Code   RO         2497    x$fpl$dretinf       fz_wm.l(dretinf.o)
    0x0800361c   0x0800361c   0x0000000a   Code   RO         2616    x$fpl$fpinit        fz_wm.l(fpinit.o)
    0x08003626   0x08003626   0x00000000   Code   RO         2499    x$fpl$usenofp       fz_wm.l(usenofp.o)
    0x08003626   0x08003626   0x00000020   Data   RO         1026    .constdata          stm32f3xx_hal_rcc.o
    0x08003646   0x08003646   0x00000010   Data   RO         2347    .constdata          system_stm32f3xx.o
    0x08003656   0x08003656   0x00000008   Data   RO         2348    .constdata          system_stm32f3xx.o
    0x0800365e   0x0800365e   0x00000002   PAD
    0x08003660   0x08003660   0x00000008   Data   RO         2401    .constdata          c_w.l(_printf_wctomb.o)
    0x08003668   0x08003668   0x00000028   Data   RO         2413    .constdata          c_w.l(_printf_hex_int.o)
    0x08003690   0x08003690   0x00000011   Data   RO         2448    .constdata          c_w.l(__printf_flags_ss_wp.o)
    0x080036a1   0x080036a1   0x00000003   PAD
    0x080036a4   0x080036a4   0x00000020   Data   RO         2674    Region$$Table       anon$$obj.o
    0x080036c4   0x080036c4   0x00000110   Data   RO         2528    locale$$data        c_w.l(lc_ctype_c.o)


    Execution Region RW_IRAM2 (Exec base: 0x10000000, Load base: 0x080037e4, Size: 0x00000000, Max: 0x00001000, ABSOLUTE)

    **** No section assigned to this execution region ****


    Execution Region RW_IRAM1 (Exec base: 0x20000000, Load base: 0x080037d4, Size: 0x000007d8, Max: 0x00003000, ABSOLUTE)

    Exec Addr    Load Addr    Size         Type   Attr      Idx    E Section Name        Object

    0x20000000   0x080037d4   0x0000000c   Data   RW          863    .data               stm32f3xx_hal.o
    0x2000000c   0x080037e0   0x00000004   Data   RW         2349    .data               system_stm32f3xx.o
    0x20000010        -       0x00000164   Zero   RW           20    .bss                main.o
    0x20000174        -       0x00000060   Zero   RW         2544    .bss                c_w.l(libspace.o)
    0x200001d4   0x080037e4   0x00000004   PAD
    0x200001d8        -       0x00000200   Zero   RW            2    HEAP                startup_stm32f303x8.o
    0x200003d8        -       0x00000400   Zero   RW            1    STACK               startup_stm32f303x8.o


==============================================================================

Image component sizes


      Code (inc. data)   RO Data    RW Data    ZI Data      Debug   Object Name

      1016        100          0          0        356     495206   main.o
        64         26        392          0       1536        848   startup_stm32f303x8.o
       164         28          0         12          0      14569   stm32f3xx_hal.o
       198         14          0          0          0      32287   stm32f3xx_hal_cortex.o
       150          0          0          0          0       2414   stm32f3xx_hal_dma.o
       570         26          0          0          0       2937   stm32f3xx_hal_gpio.o
      3388         90          0          0          0      25110   stm32f3xx_hal_i2c.o
       168          0          0          0          0       1923   stm32f3xx_hal_i2c_ex.o
       356         32          0          0          0       2483   stm32f3xx_hal_msp.o
      2012         76         32          0          0       5768   stm32f3xx_hal_rcc.o
       372         12          0          0          0       1456   stm32f3xx_hal_rcc_ex.o
      1892         54          0          0          0      11127   stm32f3xx_hal_uart.o
         2          0          0          0          0       1020   stm32f3xx_hal_uart_ex.o
        56         18          0          0          0       5608   stm32f3xx_it.o
        16          4         24          4          0       1139   system_stm32f3xx.o

    ----------------------------------------------------------------------
     10440        480        482         16       1892     603895   Object Totals
         0          0         32          0          0          0   (incl. Generated)
        16          0          2          0          0          0   (incl. Padding)

    ----------------------------------------------------------------------

      Code (inc. data)   RO Data    RW Data    ZI Data      Debug   Library Member Name

         8          0          0          0          0         68   __main.o
       392          4         17          0          0         92   __printf_flags_ss_wp.o
        14          0          0          0          0         68   __printf_wp.o
         0          0          0          0          0          0   __rtentry.o
        12          0          0          0          0          0   __rtentry2.o
         6          0          0          0          0          0   __rtentry4.o
        52          8          0          0          0          0   __scatter.o
        26          0          0          0          0          0   __scatter_copy.o
        28          0          0          0          0          0   __scatter_zi.o
         6          0          0          0          0          0   _printf_c.o
        44          0          0          0          0        108   _printf_char.o
        48          6          0          0          0         96   _printf_char_common.o
         6          0          0          0          0          0   _printf_d.o
       120         16          0          0          0         92   _printf_dec.o
        88          4         40          0          0         88   _printf_hex_int.o
         6          0          0          0          0          0   _printf_i.o
       178          0          0          0          0         88   _printf_intcommon.o
        10          0          0          0          0          0   _printf_l.o
         6          0          0          0          0          0   _printf_lc.o
         6          0          0          0          0          0   _printf_o.o
        80          8          0          0          0         88   _printf_oct_int.o
        78          0          0          0          0        108   _printf_pad.o
         0          0          0          0          0          0   _printf_percent.o
         4          0          0          0          0          0   _printf_percent_end.o
        82          0          0          0          0         80   _printf_str.o
        36          0          0          0          0         84   _printf_truncate.o
         6          0          0          0          0          0   _printf_u.o
        44          0          0          0          0        108   _printf_wchar.o
       188          6          8          0          0         92   _printf_wctomb.o
         6          0          0          0          0          0   _printf_x.o
        10          0          0          0          0         68   _sputc.o
        64          0          0          0          0         92   _wcrtomb.o
        18          0          0          0          0         80   exit.o
         6          0          0          0          0        152   heapauxi.o
         0          0          0          0          0          0   indicate_semi.o
        44         10        272          0          0         76   lc_ctype_c.o
         2          0          0          0          0          0   libinit.o
        24          0          0          0          0          0   libinit2.o
         2          0          0          0          0          0   libshutdown.o
         2          0          0          0          0          0   libshutdown2.o
         8          4          0          0         96         68   libspace.o
       238          0          0          0          0        100   lludivv7m.o
        40          6          0          0          0         84   noretval__2sprintf.o
        16          4          0          0          0         76   rt_ctype_table.o
         8          4          0          0          0         68   rt_locale_intlibspace.o
        78          0          0          0          0         80   rt_memclr_w.o
         2          0          0          0          0          0   rtexit.o
        10          0          0          0          0          0   rtexit2.o
       128          0          0          0          0         68   strcmpv7m.o
        12          4          0          0          0         68   sys_exit.o
        74          0          0          0          0         80   sys_stackheap_outer.o
         2          0          0          0          0         68   use_no_semi.o
        94          4          0          0          0        140   dfix.o
        38          0          0          0          0        116   dflt_clz.o
       340         12          0          0          0        152   dmul.o
       156          4          0          0          0        140   dnaninf.o
        12          0          0          0          0        116   dretinf.o
        10          0          0          0          0        116   fpinit.o
         0          0          0          0          0          0   usenofp.o

    ----------------------------------------------------------------------
      3030        104        340          0        100       3268   Library Totals
        12          0          3          0          4          0   (incl. Padding)

    ----------------------------------------------------------------------

      Code (inc. data)   RO Data    RW Data    ZI Data      Debug   Library Name

      2368         84        337          0         96       2488   c_w.l
       650         20          0          0          0        780   fz_wm.l

    ----------------------------------------------------------------------
      3030        104        340          0        100       3268   Library Totals

    ----------------------------------------------------------------------

==============================================================================


      Code (inc. data)   RO Data    RW Data    ZI Data      Debug   

     13470        584        822         16       1992     597463   Grand Totals
     13470        584        822         16       1992     597463   ELF Image Totals
     13470        584        822         16          0          0   ROM Totals

==============================================================================

    Total RO  Size (Code + RO Data)                14292 (  13.96kB)
    Total RW  Size (RW Data + ZI Data)              2008 (   1.96kB)
    Total ROM Size (Code + RO Data + RW Data)      14308 (  13.97kB)

==============================================================================

